Component: ARM Compiler 5.06 update 7 (build 960) Tool: armlink [4d3601]

==============================================================================

Section Cross References

    main.o(i.main) refers to dev_clk.o(i.Dev_ClkCfg) for Dev_ClkCfg
    main.o(i.main) refers to dev_gpio.o(i.Dev_LedInit) for Dev_LedInit
    main.o(i.main) refers to app_task.o(i.FreeRTOS_TaskCreate) for FreeRTOS_TaskCreate
    startup_hc32f072.o(RESET) refers to startup_hc32f072.o(STACK) for __initial_sp
    startup_hc32f072.o(RESET) refers to startup_hc32f072.o(.text) for Reset_Handler
    startup_hc32f072.o(RESET) refers to interrupts_hc32f072.o(i.HardFault_Handler) for HardFault_Handler
    startup_hc32f072.o(RESET) refers to port.o(i.SVC_Handler) for SVC_Handler
    startup_hc32f072.o(RESET) refers to port.o(.emb_text) for PendSV_Handler
    startup_hc32f072.o(RESET) refers to port.o(i.SysTick_Handler) for SysTick_Handler
    startup_hc32f072.o(RESET) refers to interrupts_hc32f072.o(i.PORTA_IRQHandler) for PORTA_IRQHandler
    startup_hc32f072.o(RESET) refers to interrupts_hc32f072.o(i.PORTB_IRQHandler) for PORTB_IRQHandler
    startup_hc32f072.o(RESET) refers to interrupts_hc32f072.o(i.PORTC_E_IRQHandler) for PORTC_E_IRQHandler
    startup_hc32f072.o(RESET) refers to interrupts_hc32f072.o(i.PORTD_F_IRQHandler) for PORTD_F_IRQHandler
    startup_hc32f072.o(RESET) refers to interrupts_hc32f072.o(i.DMAC_IRQHandler) for DMAC_IRQHandler
    startup_hc32f072.o(RESET) refers to interrupts_hc32f072.o(i.TIM3_IRQHandler) for TIM3_IRQHandler
    startup_hc32f072.o(RESET) refers to interrupts_hc32f072.o(i.UART0_2_IRQHandler) for UART0_2_IRQHandler
    startup_hc32f072.o(RESET) refers to interrupts_hc32f072.o(i.UART1_3_IRQHandler) for UART1_3_IRQHandler
    startup_hc32f072.o(RESET) refers to interrupts_hc32f072.o(i.LPUART0_IRQHandler) for LPUART0_IRQHandler
    startup_hc32f072.o(RESET) refers to interrupts_hc32f072.o(i.LPUART1_IRQHandler) for LPUART1_IRQHandler
    startup_hc32f072.o(RESET) refers to interrupts_hc32f072.o(i.SPI0_I2S0_IRQHandler) for SPI0_I2S0_IRQHandler
    startup_hc32f072.o(RESET) refers to interrupts_hc32f072.o(i.SPI1_I2S1_IRQHandler) for SPI1_I2S1_IRQHandler
    startup_hc32f072.o(RESET) refers to interrupts_hc32f072.o(i.I2C0_IRQHandler) for I2C0_IRQHandler
    startup_hc32f072.o(RESET) refers to interrupts_hc32f072.o(i.I2C1_IRQHandler) for I2C1_IRQHandler
    startup_hc32f072.o(RESET) refers to interrupts_hc32f072.o(i.TIM0_IRQHandler) for TIM0_IRQHandler
    startup_hc32f072.o(RESET) refers to interrupts_hc32f072.o(i.TIM1_IRQHandler) for TIM1_IRQHandler
    startup_hc32f072.o(RESET) refers to interrupts_hc32f072.o(i.TIM2_IRQHandler) for TIM2_IRQHandler
    startup_hc32f072.o(RESET) refers to interrupts_hc32f072.o(i.TIM4_IRQHandler) for TIM4_IRQHandler
    startup_hc32f072.o(RESET) refers to interrupts_hc32f072.o(i.TIM5_IRQHandler) for TIM5_IRQHandler
    startup_hc32f072.o(RESET) refers to interrupts_hc32f072.o(i.TIM6_IRQHandler) for TIM6_IRQHandler
    startup_hc32f072.o(RESET) refers to interrupts_hc32f072.o(i.PCA_IRQHandler) for PCA_IRQHandler
    startup_hc32f072.o(RESET) refers to interrupts_hc32f072.o(i.WDT_IRQHandler) for WDT_IRQHandler
    startup_hc32f072.o(RESET) refers to interrupts_hc32f072.o(i.ADC_DAC_IRQHandler) for ADC_DAC_IRQHandler
    startup_hc32f072.o(RESET) refers to interrupts_hc32f072.o(i.VC0_1_2_LVD_IRQHandler) for VC0_1_2_LVD_IRQHandler
    startup_hc32f072.o(RESET) refers to interrupts_hc32f072.o(i.USBFS_IRQHandler) for USBFS_IRQHandler
    startup_hc32f072.o(RESET) refers to interrupts_hc32f072.o(i.CAN_IRQHandler) for CAN_IRQHandler
    startup_hc32f072.o(RESET) refers to interrupts_hc32f072.o(i.FLASH_RAM_IRQHandler) for FLASH_RAM_IRQHandler
    startup_hc32f072.o(RESET) refers to interrupts_hc32f072.o(i.CLKTRIM_CTS_IRQHandler) for CLKTRIM_CTS_IRQHandler
    startup_hc32f072.o(.text) refers to system_hc32f072.o(i.SystemInit) for SystemInit
    startup_hc32f072.o(.text) refers to entry.o(.ARM.Collect$$$$00000000) for __main
    app_led.o(i.Led_Task) refers to gpio.o(i.Gpio_SetIO) for Gpio_SetIO
    app_led.o(i.Led_Task) refers to tasks.o(i.vTaskDelay) for vTaskDelay
    app_led.o(i.Led_Task) refers to gpio.o(i.Gpio_ClrIO) for Gpio_ClrIO
    app_task.o(i.FreeRTOS_TaskCreate) refers to tasks.o(i.xTaskCreate) for xTaskCreate
    app_task.o(i.FreeRTOS_TaskCreate) refers to tasks.o(i.vTaskStartScheduler) for vTaskStartScheduler
    app_task.o(i.FreeRTOS_TaskCreate) refers to app_task.o(.data) for AppLedTask_handle
    app_task.o(i.FreeRTOS_TaskCreate) refers to app_led.o(i.Led_Task) for Led_Task
    dev_clk.o(i.App_PortCfg) refers to sysctrl.o(i.Sysctrl_SetPeripheralGate) for Sysctrl_SetPeripheralGate
    dev_clk.o(i.App_PortCfg) refers to gpio.o(i.Gpio_Init) for Gpio_Init
    dev_clk.o(i.App_PortCfg) refers to gpio.o(i.Gpio_SetAfMode) for Gpio_SetAfMode
    dev_clk.o(i.App_PortCfg) refers to gpio.o(i.Gpio_SfHClkOutputCfg) for Gpio_SfHClkOutputCfg
[...]
    Removing adt.o(i.Adt_SetDTUA), (8 bytes).
    Removing adt.o(i.Adt_SetPeriod), (8 bytes).
    Removing adt.o(i.Adt_SetPeriodBuf), (20 bytes).
    Removing adt.o(i.Adt_SetSpecilCompareValue), (48 bytes).
    Removing adt.o(i.Adt_SetValidPeriod), (130 bytes).
    Removing adt.o(i.Adt_StartCount), (16 bytes).
    Removing adt.o(i.Adt_StopCount), (14 bytes).
    Removing adt.o(i.Adt_SwBrake), (32 bytes).
    Removing adt.o(i.Adt_SwSyncClear), (56 bytes).
    Removing adt.o(i.Adt_SwSyncStart), (56 bytes).
    Removing adt.o(i.Adt_SwSyncStop), (56 bytes).
    Removing aes.o(.rev16_text), (4 bytes).
    Removing aes.o(.revsh_text), (4 bytes).
    Removing aes.o(i.AES_Decrypt), (212 bytes).
    Removing aes.o(i.AES_Encrypt), (212 bytes).
    Removing bgr.o(.rev16_text), (4 bytes).
    Removing bgr.o(.revsh_text), (4 bytes).
    Removing bgr.o(i.Bgr_BgrDisable), (20 bytes).
    Removing bgr.o(i.Bgr_BgrEnable), (28 bytes).
    Removing bgr.o(i.Bgr_TempSensorDisable), (20 bytes).
    Removing bgr.o(i.Bgr_TempSensorEnable), (28 bytes).
    Removing bt.o(.rev16_text), (4 bytes).
    Removing bt.o(.revsh_text), (4 bytes).
    Removing bt.o(i.Bt_ClearAllIntFlag), (24 bytes).
    Removing bt.o(i.Bt_ClearIntFlag), (28 bytes).
    Removing bt.o(i.Bt_GetIntFlag), (28 bytes).
    Removing bt.o(i.Bt_M0_ARRSet), (32 bytes).
    Removing bt.o(i.Bt_M0_Cnt16Get), (24 bytes).
    Removing bt.o(i.Bt_M0_Cnt16Set), (32 bytes).
    Removing bt.o(i.Bt_M0_Cnt32Get), (20 bytes).
    Removing bt.o(i.Bt_M0_Cnt32Set), (24 bytes).
    Removing bt.o(i.Bt_M0_EnTOG_Output), (36 bytes).
    Removing bt.o(i.Bt_M0_Enable_Output), (36 bytes).
    Removing bt.o(i.Bt_M0_Run), (28 bytes).
    Removing bt.o(i.Bt_M0_Stop), (28 bytes).
    Removing bt.o(i.Bt_M1_Cnt16Get), (24 bytes).
    Removing bt.o(i.Bt_M1_Cnt16Set), (32 bytes).
    Removing bt.o(i.Bt_M1_Input_Cfg), (152 bytes).
    Removing bt.o(i.Bt_M1_PWC_CapValueGet), (24 bytes).
    Removing bt.o(i.Bt_M1_PWC_Edge_Sel), (132 bytes).
    Removing bt.o(i.Bt_M1_Run), (28 bytes).
    Removing bt.o(i.Bt_M1_Stop), (28 bytes).
    Removing bt.o(i.Bt_M23_ARRSet), (48 bytes).
    Removing bt.o(i.Bt_M23_BrakeInput_Cfg), (172 bytes).
    Removing bt.o(i.Bt_M23_CCR_Get), (40 bytes).
    Removing bt.o(i.Bt_M23_CCR_Set), (60 bytes).
    Removing bt.o(i.Bt_M23_Cnt16Get), (24 bytes).
    Removing bt.o(i.Bt_M23_Cnt16Set), (32 bytes).
    Removing bt.o(i.Bt_M23_DT_Cfg), (52 bytes).
    Removing bt.o(i.Bt_M23_ETRInput_Cfg), (60 bytes).
    Removing bt.o(i.Bt_M23_EnDMA), (112 bytes).
    Removing bt.o(i.Bt_M23_EnPWM_Output), (56 bytes).
    Removing bt.o(i.Bt_M23_EnSwBk), (32 bytes).
    Removing bt.o(i.Bt_M23_EnSwTrig), (32 bytes).
    Removing bt.o(i.Bt_M23_EnSwTrigCapCmpA), (28 bytes).
    Removing bt.o(i.Bt_M23_EnSwTrigCapCmpB), (28 bytes).
    Removing bt.o(i.Bt_M23_EnSwUev), (32 bytes).
    Removing bt.o(i.Bt_M23_GateFuncSel), (76 bytes).
    Removing bt.o(i.Bt_M23_MasterSlave_Set), (96 bytes).
    Removing bt.o(i.Bt_M23_OCRefClr), (60 bytes).
    Removing bt.o(i.Bt_M23_PortInput_Cfg), (144 bytes).
    Removing bt.o(i.Bt_M23_PortOutput_Cfg), (184 bytes).
    Removing bt.o(i.Bt_M23_Run), (28 bytes).
    Removing bt.o(i.Bt_M23_SetValidPeriod), (32 bytes).
    Removing bt.o(i.Bt_M23_Stop), (28 bytes).
    Removing bt.o(i.Bt_M23_TrigADC_Cfg), (92 bytes).
    Removing bt.o(i.Bt_Mode0_DisableIrq), (28 bytes).
    Removing bt.o(i.Bt_Mode0_EnableIrq), (28 bytes).
    Removing bt.o(i.Bt_Mode0_Init), (152 bytes).
    Removing bt.o(i.Bt_Mode1_DisableIrq), (60 bytes).
    Removing bt.o(i.Bt_Mode1_EnableIrq), (64 bytes).
    Removing bt.o(i.Bt_Mode1_Init), (96 bytes).
    Removing bt.o(i.Bt_Mode23_DisableIrq), (112 bytes).
    Removing bt.o(i.Bt_Mode23_EnableIrq), (124 bytes).
    Removing bt.o(i.Bt_Mode23_Init), (168 bytes).
    Removing can.o(.rev16_text), (4 bytes).
    Removing can.o(.revsh_text), (4 bytes).
    Removing can.o(i.CAN_ArbitrationLostCap), (16 bytes).
    Removing can.o(i.CAN_DeInit), (20 bytes).
    Removing can.o(i.CAN_ErrorStatusGet), (28 bytes).
    Removing can.o(i.CAN_FilterConfig), (200 bytes).
    Removing can.o(i.CAN_Init), (252 bytes).
    Removing can.o(i.CAN_IrqCmd), (28 bytes).
    Removing can.o(i.CAN_IrqFlgClr), (24 bytes).
    Removing can.o(i.CAN_IrqFlgGet), (28 bytes).
    Removing can.o(i.CAN_ModeConfig), (80 bytes).
    Removing can.o(i.CAN_Receive), (48 bytes).
    Removing can.o(i.CAN_RxBufStatusGet), (16 bytes).
    Removing can.o(i.CAN_RxErrorCntGet), (12 bytes).
    Removing can.o(i.CAN_SetFrame), (68 bytes).
    Removing can.o(i.CAN_StatusGet), (24 bytes).
    Removing can.o(i.CAN_TransmitCmd), (16 bytes).
    Removing can.o(i.CAN_TxBufStatusGet), (16 bytes).
    Removing can.o(i.CAN_TxErrorCntGet), (12 bytes).
    Removing crc.o(.rev16_text), (4 bytes).
    Removing crc.o(.revsh_text), (4 bytes).
    Removing crc.o(i.CRC16_Check16), (84 bytes).
    Removing crc.o(i.CRC16_Check32), (76 bytes).
    Removing crc.o(i.CRC16_Check8), (88 bytes).
    Removing crc.o(i.CRC16_Get16), (68 bytes).
    Removing crc.o(i.CRC16_Get32), (76 bytes).
    Removing crc.o(i.CRC16_Get8), (60 bytes).
    Removing crc.o(i.CRC32_Check16), (84 bytes).
    Removing crc.o(i.CRC32_Check32), (80 bytes).
    Removing crc.o(i.CRC32_Check8), (92 bytes).
    Removing crc.o(i.CRC32_Get16), (60 bytes).
    Removing crc.o(i.CRC32_Get32), (68 bytes).
    Removing crc.o(i.CRC32_Get8), (56 bytes).
    Removing dac.o(.rev16_text), (4 bytes).
    Removing dac.o(.revsh_text), (4 bytes).
    Removing dac.o(i.Dac0_Cmd), (20 bytes).
    Removing dac.o(i.Dac0_DmaCmd), (20 bytes).
    Removing dac.o(i.Dac0_DmaITCfg), (20 bytes).
    Removing dac.o(i.Dac0_GetDataOutputValue), (16 bytes).
    Removing dac.o(i.Dac0_GetITStatus), (16 bytes).
    Removing dac.o(i.Dac0_Init), (228 bytes).
    Removing dac.o(i.Dac0_SetChannelData), (108 bytes).
    Removing dac.o(i.Dac0_SoftwareTriggerCmd), (20 bytes).
    Removing dac.o(i.Dac1_Cmd), (20 bytes).
    Removing dac.o(i.Dac1_DmaCmd), (20 bytes).
    Removing dac.o(i.Dac1_DmaITCfg), (20 bytes).
    Removing dac.o(i.Dac1_GetDataOutputValue), (16 bytes).
    Removing dac.o(i.Dac1_GetITStatus), (16 bytes).
    Removing dac.o(i.Dac1_Init), (236 bytes).
    Removing dac.o(i.Dac1_SetChannelData), (108 bytes).
    Removing dac.o(i.Dac1_SoftwareTriggerCmd), (20 bytes).
    Removing ddl.o(.rev16_text), (4 bytes).
    Removing ddl.o(.revsh_text), (4 bytes).
    Removing ddl.o(i.GetBit), (12 bytes).
    Removing ddl.o(i.Log2), (24 bytes).
    Removing ddl.o(i.ddl_memclr), (32 bytes).
    Removing ddl.o(i.delay100us), (92 bytes).
    Removing ddl.o(i.delay1ms), (88 bytes).
    Removing debug.o(.rev16_text), (4 bytes).
    Removing debug.o(.revsh_text), (4 bytes).
    Removing debug.o(i.Debug_ActiveDisable), (20 bytes).
    Removing debug.o(i.Debug_ActiveEnable), (20 bytes).
    Removing dmac.o(.rev16_text), (4 bytes).
    Removing dmac.o(.revsh_text), (4 bytes).
    Removing dmac.o(i.Dma_ClrStat), (24 bytes).
    Removing dmac.o(i.Dma_Disable), (20 bytes).
    Removing dmac.o(i.Dma_DisableChannel), (24 bytes).
    Removing dmac.o(i.Dma_DisableChannelErrIrq), (24 bytes).
    Removing dmac.o(i.Dma_DisableChannelIrq), (24 bytes).
    Removing dmac.o(i.Dma_DisableContinusTranfer), (24 bytes).
    Removing dmac.o(i.Dma_Enable), (20 bytes).
    Removing dmac.o(i.Dma_EnableChannel), (24 bytes).
    Removing dmac.o(i.Dma_EnableChannelErrIrq), (24 bytes).
    Removing dmac.o(i.Dma_EnableChannelIrq), (24 bytes).
    Removing dmac.o(i.Dma_EnableContinusTranfer), (24 bytes).
    Removing dmac.o(i.Dma_GetStat), (24 bytes).
    Removing dmac.o(i.Dma_HaltTranfer), (28 bytes).
    Removing dmac.o(i.Dma_InitChannel), (160 bytes).
    Removing dmac.o(i.Dma_PauseChannelTranfer), (24 bytes).
    Removing dmac.o(i.Dma_RecoverChannelTranfer), (24 bytes).
    Removing dmac.o(i.Dma_RecoverTranfer), (20 bytes).
    Removing dmac.o(i.Dma_SetBlockSize), (32 bytes).
    Removing dmac.o(i.Dma_SetChPriority), (24 bytes).
    Removing dmac.o(i.Dma_SetDestinationAddress), (12 bytes).
    Removing dmac.o(i.Dma_SetSourceAddress), (12 bytes).
    Removing dmac.o(i.Dma_SetTransferCnt), (28 bytes).
    Removing dmac.o(i.Dma_SetTransferWidth), (28 bytes).
    Removing dmac.o(i.Dma_SwStart), (24 bytes).
    Removing dmac.o(i.Dma_SwStop), (24 bytes).
    Removing flash.o(.rev16_text), (4 bytes).
    Removing flash.o(.revsh_text), (4 bytes).
    Removing flash.o(i.Flash_ChipErase), (156 bytes).
    Removing flash.o(i.Flash_ClearIntFlag), (24 bytes).
    Removing flash.o(i.Flash_DisableIrq), (60 bytes).
    Removing flash.o(i.Flash_EnableIrq), (60 bytes).
    Removing flash.o(i.Flash_GetIntFlag), (24 bytes).
    Removing flash.o(i.Flash_Init), (204 bytes).
    Removing flash.o(i.Flash_LockAll), (40 bytes).
    Removing flash.o(i.Flash_LockSet), (36 bytes).
    Removing flash.o(i.Flash_SectorErase), (176 bytes).
    Removing flash.o(i.Flash_UnlockAll), (44 bytes).
    Removing flash.o(i.Flash_WriteByte), (176 bytes).
    Removing flash.o(i.Flash_WriteHalfWord), (176 bytes).
    Removing flash.o(i.Flash_WriteWord), (176 bytes).
    Removing flash.o(.constdata), (32 bytes).
    Removing gpio.o(.rev16_text), (4 bytes).
    Removing gpio.o(.revsh_text), (4 bytes).
    Removing gpio.o(i.Gpio_ClearIrq), (28 bytes).
    Removing gpio.o(i.Gpio_ClrPort), (16 bytes).
    Removing gpio.o(i.Gpio_DisableIrq), (36 bytes).
    Removing gpio.o(i.Gpio_EnableIrq), (36 bytes).
    Removing gpio.o(i.Gpio_GetInputData), (16 bytes).
    Removing gpio.o(i.Gpio_GetInputIO), (24 bytes).
    Removing gpio.o(i.Gpio_GetIrqStatus), (24 bytes).
    Removing gpio.o(i.Gpio_ReadOutputIO), (24 bytes).
    Removing gpio.o(i.Gpio_SetAfMode), (20 bytes).
    Removing gpio.o(i.Gpio_SetAnalogMode), (28 bytes).
    Removing gpio.o(i.Gpio_SetClrPort), (16 bytes).
    Removing gpio.o(i.Gpio_SetPort), (16 bytes).
    Removing gpio.o(i.Gpio_SfExtClkCfg), (28 bytes).
    Removing gpio.o(i.Gpio_SfHClkOutputCfg), (60 bytes).
    Removing gpio.o(i.Gpio_SfIrPolCfg), (36 bytes).
    Removing gpio.o(i.Gpio_SfIrqModeCfg), (28 bytes).
    Removing gpio.o(i.Gpio_SfPClkOutputCfg), (60 bytes).
    Removing gpio.o(i.Gpio_SfPcaCfg), (40 bytes).
    Removing gpio.o(i.Gpio_SfSsnCfg), (60 bytes).
    Removing gpio.o(i.Gpio_SfTimCCfg), (40 bytes).
    Removing gpio.o(i.Gpio_SfTimECfg), (84 bytes).
    Removing gpio.o(i.Gpio_SfTimGCfg), (84 bytes).
    Removing gpio.o(i.Gpio_WriteOutputIO), (28 bytes).
    Removing hdiv.o(.rev16_text), (4 bytes).
    Removing hdiv.o(.revsh_text), (4 bytes).
    Removing hdiv.o(i.Hdiv_GetEndState), (16 bytes).
    Removing hdiv.o(i.Hdiv_GetZeroState), (16 bytes).
    Removing hdiv.o(i.Hdiv_Signed), (76 bytes).
    Removing hdiv.o(i.Hdiv_Unsigned), (72 bytes).
    Removing i2c.o(.rev16_text), (4 bytes).
    Removing i2c.o(.revsh_text), (4 bytes).
    Removing i2c.o(i.I2C_ClearFunc), (26 bytes).
    Removing i2c.o(i.I2C_ClearIrq), (16 bytes).
    Removing i2c.o(i.I2C_GetIrq), (20 bytes).
    Removing i2c.o(i.I2C_GetState), (10 bytes).
    Removing i2c.o(i.I2C_Init), (164 bytes).
    Removing i2c.o(i.I2C_ReadByte), (10 bytes).
    Removing i2c.o(i.I2C_SetBaud), (10 bytes).
    Removing i2c.o(i.I2C_SetFunc), (26 bytes).
    Removing i2c.o(i.I2C_WriteByte), (10 bytes).
    Removing i2s.o(.rev16_text), (4 bytes).
    Removing i2s.o(.revsh_text), (4 bytes).
    Removing i2s.o(i.I2S_Cmd), (24 bytes).
    Removing i2s.o(i.I2S_ConfIt), (34 bytes).
    Removing i2s.o(i.I2s_ClearITPendingBit), (14 bytes).
    Removing i2s.o(i.I2s_ConfDma), (34 bytes).
    Removing i2s.o(i.I2s_GetStatus), (28 bytes).
    Removing i2s.o(i.I2s_Init), (192 bytes).
    Removing i2s.o(i.I2s_ReceiveDataL), (8 bytes).
    Removing i2s.o(i.I2s_ReceiveDataR), (8 bytes).
    Removing i2s.o(i.I2s_SendDataL), (14 bytes).
    Removing i2s.o(i.I2s_SendDataR), (14 bytes).
    Removing lpm.o(.rev16_text), (4 bytes).
    Removing lpm.o(.revsh_text), (4 bytes).
    Removing lpm.o(i.Lpm_GotoDeepSleep), (36 bytes).
    Removing lpm.o(i.Lpm_GotoSleep), (36 bytes).
    Removing lpuart.o(.rev16_text), (4 bytes).
    Removing lpuart.o(.revsh_text), (4 bytes).
    Removing lpuart.o(i.LPUart_ClrIsr), (8 bytes).
    Removing lpuart.o(i.LPUart_ClrStatus), (22 bytes).
    Removing lpuart.o(i.LPUart_DisableFunc), (20 bytes).
    Removing lpuart.o(i.LPUart_DisableIrq), (20 bytes).
    Removing lpuart.o(i.LPUart_EnableFunc), (20 bytes).
    Removing lpuart.o(i.LPUart_EnableIrq), (20 bytes).
    Removing lpuart.o(i.LPUart_GetIsr), (8 bytes).
    Removing lpuart.o(i.LPUart_GetRb8), (10 bytes).
    Removing lpuart.o(i.LPUart_GetStatus), (24 bytes).
    Removing lpuart.o(i.LPUart_HdModeDisable), (12 bytes).
    Removing lpuart.o(i.LPUart_HdModeEnable), (14 bytes).
    Removing lpuart.o(i.LPUart_Init), (152 bytes).
    Removing lpuart.o(i.LPUart_ReceiveData), (8 bytes).
    Removing lpuart.o(i.LPUart_SelSclk), (28 bytes).
    Removing lpuart.o(i.LPUart_SendData), (58 bytes).
    Removing lpuart.o(i.LPUart_SendDataIt), (18 bytes).
    Removing lpuart.o(i.LPUart_SetMultiMode), (34 bytes).
    Removing lpuart.o(i.LPUart_SetSaddr), (8 bytes).
    Removing lpuart.o(i.LPUart_SetTb8), (20 bytes).
    Removing lpuart.o(.constdata), (12 bytes).
    Removing lvd.o(.rev16_text), (4 bytes).
    Removing lvd.o(.revsh_text), (4 bytes).
    Removing lvd.o(i.Lvd_ClearIrq), (20 bytes).
    Removing lvd.o(i.Lvd_Disable), (20 bytes).
    Removing lvd.o(i.Lvd_DisableIrq), (20 bytes).
    Removing lvd.o(i.Lvd_Enable), (20 bytes).
    Removing lvd.o(i.Lvd_EnableIrq), (24 bytes).
    Removing lvd.o(i.Lvd_GetFilterResult), (16 bytes).
    Removing lvd.o(i.Lvd_GetIrqStat), (16 bytes).
    Removing lvd.o(i.Lvd_Init), (40 bytes).
    Removing opa.o(.rev16_text), (4 bytes).
    Removing opa.o(.revsh_text), (4 bytes).
    Removing opa.o(i.Opa_CalCmd), (24 bytes).
    Removing opa.o(i.Opa_CalConfig), (92 bytes).
    Removing opa.o(i.Opa_CalSwTrig), (20 bytes).
    Removing opa.o(i.Opa_Cmd), (68 bytes).
    Removing opa.o(i.Opa_DacBufCmd), (64 bytes).
    Removing opa.o(i.Opa_OutChannelConfig), (84 bytes).
    Removing pca.o(.rev16_text), (4 bytes).
    Removing pca.o(.revsh_text), (4 bytes).
    Removing pca.o(i.Pca_ClrItStatus), (20 bytes).
    Removing pca.o(i.Pca_ConfModulexIt), (100 bytes).
    Removing pca.o(i.Pca_ConfPcaIt), (20 bytes).
    Removing pca.o(i.Pca_GetCarr), (12 bytes).
    Removing pca.o(i.Pca_GetCcap), (68 bytes).
    Removing pca.o(i.Pca_GetCcapHL), (104 bytes).
    Removing pca.o(i.Pca_GetCnt), (12 bytes).
    Removing pca.o(i.Pca_GetItStatus), (20 bytes).
    Removing pca.o(i.Pca_GetOut), (20 bytes).
    Removing pca.o(i.Pca_M0Init), (288 bytes).
    Removing pca.o(i.Pca_M1Init), (288 bytes).
    Removing pca.o(i.Pca_M2Init), (288 bytes).
    Removing pca.o(i.Pca_M3Init), (288 bytes).
    Removing pca.o(i.Pca_M4Init), (292 bytes).
    Removing pca.o(i.Pca_Set4Wdte), (20 bytes).
    Removing pca.o(i.Pca_SetCarr), (24 bytes).
    Removing pca.o(i.Pca_SetCcap), (116 bytes).
    Removing pca.o(i.Pca_SetCcapHL), (208 bytes).
    Removing pca.o(i.Pca_SetCidl), (20 bytes).
    Removing pca.o(i.Pca_SetCnt), (68 bytes).
    Removing pca.o(i.Pca_StartPca), (20 bytes).
    Removing ram.o(.rev16_text), (4 bytes).
    Removing ram.o(.revsh_text), (4 bytes).
    Removing ram.o(i.Ram_ClearIntFlag), (12 bytes).
    Removing ram.o(i.Ram_DisableIrq), (20 bytes).
    Removing ram.o(i.Ram_EnableIrq), (20 bytes).
    Removing ram.o(i.Ram_ErrAddrGet), (12 bytes).
    Removing ram.o(i.Ram_GetIntFlag), (24 bytes).
    Removing reset.o(.rev16_text), (4 bytes).
    Removing reset.o(.revsh_text), (4 bytes).
    Removing reset.o(i.Reset_ClearFlag), (16 bytes).
    Removing reset.o(i.Reset_ClearFlagAll), (12 bytes).
    Removing reset.o(i.Reset_GetFlag), (24 bytes).
    Removing reset.o(i.Reset_RstPeripheral0), (24 bytes).
    Removing reset.o(i.Reset_RstPeripheral1), (24 bytes).
    Removing reset.o(i.Reset_RstPeripheralAll), (24 bytes).
    Removing spi.o(.rev16_text), (4 bytes).
    Removing spi.o(.revsh_text), (4 bytes).
    Removing spi.o(i.Spi_ClearStatus), (8 bytes).
    Removing spi.o(i.Spi_FuncDisable), (12 bytes).
    Removing spi.o(i.Spi_FuncEnable), (12 bytes).
    Removing spi.o(i.Spi_GetStatus), (18 bytes).
    Removing spi.o(i.Spi_Init), (36 bytes).
    Removing spi.o(i.Spi_IrqDisable), (14 bytes).
    Removing spi.o(i.Spi_IrqEnable), (14 bytes).
    Removing spi.o(i.Spi_RWByte), (34 bytes).
    Removing spi.o(i.Spi_ReceiveBuf), (64 bytes).
    Removing spi.o(i.Spi_ReceiveData), (8 bytes).
    Removing spi.o(i.Spi_SendBuf), (76 bytes).
    Removing spi.o(i.Spi_SendData), (8 bytes).
    Removing spi.o(i.Spi_SetCS), (4 bytes).
    Removing spi.o(i.Spi_Slave_DummyWriteData), (16 bytes).
    Removing sysctrl.o(.rev16_text), (4 bytes).
    Removing sysctrl.o(.revsh_text), (4 bytes).
    Removing sysctrl.o(i.Sysctrl_ClkDeInit), (72 bytes).
    Removing sysctrl.o(i.Sysctrl_GetPClkFreq), (32 bytes).
    Removing sysctrl.o(i.Sysctrl_GetPeripheralGate), (48 bytes).
    Removing sysctrl.o(i.Sysctrl_SetFunc), (28 bytes).
    Removing sysctrl.o(i.Sysctrl_SetRCLTrim), (40 bytes).
    Removing sysctrl.o(i.Sysctrl_SetXTHFreq), (32 bytes).
    Removing sysctrl.o(i.Sysctrl_TimerPllClkSel), (20 bytes).
    Removing sysctrl.o(i.Sysctrl_UsbClkSel), (40 bytes).
    Removing timer3.o(.rev16_text), (4 bytes).
    Removing timer3.o(.revsh_text), (4 bytes).
    Removing timer3.o(i.Tim3_ClearAllIntFlag), (16 bytes).
    Removing timer3.o(i.Tim3_ClearIntFlag), (20 bytes).
    Removing timer3.o(i.Tim3_GetIntFlag), (24 bytes).
    Removing timer3.o(i.Tim3_M0_ARRSet), (28 bytes).
    Removing timer3.o(i.Tim3_M0_Cnt16Get), (16 bytes).
    Removing timer3.o(i.Tim3_M0_Cnt16Set), (28 bytes).
    Removing timer3.o(i.Tim3_M0_Cnt32Get), (12 bytes).
    Removing timer3.o(i.Tim3_M0_Cnt32Set), (20 bytes).
    Removing timer3.o(i.Tim3_M0_EnTOG), (32 bytes).
    Removing timer3.o(i.Tim3_M0_Enable_Output), (36 bytes).
    Removing timer3.o(i.Tim3_M0_Run), (24 bytes).
    Removing timer3.o(i.Tim3_M0_Stop), (20 bytes).
    Removing timer3.o(i.Tim3_M1_Cnt16Get), (16 bytes).
    Removing timer3.o(i.Tim3_M1_Cnt16Set), (28 bytes).
    Removing timer3.o(i.Tim3_M1_Input_Cfg), (172 bytes).
    Removing timer3.o(i.Tim3_M1_PWC_CapValueGet), (16 bytes).
    Removing timer3.o(i.Tim3_M1_PWC_Edge_Sel), (152 bytes).
    Removing timer3.o(i.Tim3_M1_Run), (24 bytes).
    Removing timer3.o(i.Tim3_M1_Stop), (20 bytes).
    Removing timer3.o(i.Tim3_M23_ARRSet), (48 bytes).
    Removing timer3.o(i.Tim3_M23_BrakeInput_Cfg), (280 bytes).
    Removing timer3.o(i.Tim3_M23_CCR_Get), (96 bytes).
    Removing timer3.o(i.Tim3_M23_CCR_Set), (168 bytes).
    Removing timer3.o(i.Tim3_M23_Cnt16Get), (16 bytes).
    Removing timer3.o(i.Tim3_M23_Cnt16Set), (28 bytes).
    Removing timer3.o(i.Tim3_M23_DT_Cfg), (56 bytes).
    Removing timer3.o(i.Tim3_M23_ETRInput_Cfg), (60 bytes).
    Removing timer3.o(i.Tim3_M23_EnDMA), (216 bytes).
    Removing timer3.o(i.Tim3_M23_EnPWM_Output), (56 bytes).
    Removing timer3.o(i.Tim3_M23_EnSwBk), (24 bytes).
    Removing timer3.o(i.Tim3_M23_EnSwTrig), (24 bytes).
    Removing timer3.o(i.Tim3_M23_EnSwTrigCapCmpA), (76 bytes).
    Removing timer3.o(i.Tim3_M23_EnSwTrigCapCmpB), (76 bytes).
    Removing timer3.o(i.Tim3_M23_EnSwUev), (24 bytes).
    Removing timer3.o(i.Tim3_M23_GateFuncSel), (84 bytes).
    Removing timer3.o(i.Tim3_M23_MasterSlave_Set), (104 bytes).
    Removing timer3.o(i.Tim3_M23_OCRefClr), (60 bytes).
    Removing timer3.o(i.Tim3_M23_PortInput_Cfg), (544 bytes).
    Removing timer3.o(i.Tim3_M23_PortOutput_Cfg), (692 bytes).
    Removing timer3.o(i.Tim3_M23_Run), (24 bytes).
    Removing timer3.o(i.Tim3_M23_SetValidPeriod), (28 bytes).
    Removing timer3.o(i.Tim3_M23_Stop), (20 bytes).
    Removing timer3.o(i.Tim3_M23_TrigADC_Cfg), (188 bytes).
    Removing timer3.o(i.Tim3_Mode0_DisableIrq), (24 bytes).
    Removing timer3.o(i.Tim3_Mode0_EnableIrq), (24 bytes).
    Removing timer3.o(i.Tim3_Mode0_Init), (172 bytes).
    Removing timer3.o(i.Tim3_Mode1_DisableIrq), (60 bytes).
    Removing timer3.o(i.Tim3_Mode1_EnableIrq), (64 bytes).
    Removing timer3.o(i.Tim3_Mode1_Init), (104 bytes).
    Removing timer3.o(i.Tim3_Mode23_DisableIrq), (188 bytes).
    Removing timer3.o(i.Tim3_Mode23_EnableIrq), (204 bytes).
    Removing timer3.o(i.Tim3_Mode23_Init), (192 bytes).
    Removing trim.o(.rev16_text), (4 bytes).
    Removing trim.o(.revsh_text), (4 bytes).
    Removing trim.o(i.Trim_CalCntGet), (12 bytes).
    Removing trim.o(i.Trim_ClearIntFlag), (20 bytes).
    Removing trim.o(i.Trim_DisableIrq), (20 bytes).
    Removing trim.o(i.Trim_EnableIrq), (20 bytes).
    Removing trim.o(i.Trim_GetIntFlag), (24 bytes).
    Removing trim.o(i.Trim_Init), (40 bytes).
    Removing trim.o(i.Trim_RefCntGet), (12 bytes).
    Removing trim.o(i.Trim_Run), (20 bytes).
    Removing trim.o(i.Trim_Stop), (20 bytes).
    Removing trng.o(.rev16_text), (4 bytes).
    Removing trng.o(.revsh_text), (4 bytes).
    Removing trng.o(i.Trng_Generate), (168 bytes).
    Removing trng.o(i.Trng_GetData0), (12 bytes).
    Removing trng.o(i.Trng_GetData1), (12 bytes).
    Removing trng.o(i.Trng_Init), (168 bytes).
    Removing uart.o(.rev16_text), (4 bytes).
    Removing uart.o(.revsh_text), (4 bytes).
    Removing uart.o(i.Uart_ClrIsr), (8 bytes).
    Removing uart.o(i.Uart_ClrStatus), (22 bytes).
    Removing uart.o(i.Uart_DisableFunc), (20 bytes).
    Removing uart.o(i.Uart_DisableIrq), (20 bytes).
    Removing uart.o(i.Uart_EnableFunc), (20 bytes).
    Removing uart.o(i.Uart_EnableIrq), (20 bytes).
    Removing uart.o(i.Uart_GetIsr), (8 bytes).
    Removing uart.o(i.Uart_GetRb8), (10 bytes).
    Removing uart.o(i.Uart_GetStatus), (24 bytes).
    Removing uart.o(i.Uart_HdModeDisable), (12 bytes).
    Removing uart.o(i.Uart_HdModeEnable), (14 bytes).
    Removing uart.o(i.Uart_Init), (148 bytes).
    Removing uart.o(i.Uart_ReceiveData), (8 bytes).
    Removing uart.o(i.Uart_SendDataIt), (18 bytes).
    Removing uart.o(i.Uart_SendDataPoll), (58 bytes).
    Removing uart.o(i.Uart_SetMultiMode), (34 bytes).
    Removing uart.o(i.Uart_SetSaddr), (8 bytes).
    Removing uart.o(i.Uart_SetTb8), (20 bytes).
    Removing uart.o(.constdata), (8 bytes).
    Removing vc.o(.rev16_text), (4 bytes).
    Removing vc.o(.revsh_text), (4 bytes).
    Removing vc.o(i.Vc_CfgItType), (140 bytes).
    Removing vc.o(i.Vc_ClearItStatus), (20 bytes).
    Removing vc.o(i.Vc_Cmd), (72 bytes).
    Removing vc.o(i.Vc_DacInit), (96 bytes).
    Removing vc.o(i.Vc_GetItStatus), (24 bytes).
    Removing vc.o(i.Vc_Init), (484 bytes).
    Removing vc.o(i.Vc_ItCfg), (72 bytes).
    Removing wdt.o(.rev16_text), (4 bytes).
    Removing wdt.o(.revsh_text), (4 bytes).
    Removing wdt.o(i.Wdt_Feed), (16 bytes).
    Removing wdt.o(i.Wdt_GetIrqStatus), (24 bytes).
    Removing wdt.o(i.Wdt_Init), (44 bytes).
    Removing wdt.o(i.Wdt_IrqClr), (16 bytes).
    Removing wdt.o(i.Wdt_ReadWdtValue), (16 bytes).
    Removing wdt.o(i.Wdt_ReadwdtStatus), (24 bytes).
    Removing wdt.o(i.Wdt_Start), (16 bytes).
    Removing wdt.o(i.Wdt_WriteWdtLoad), (24 bytes).
    Removing interrupts_hc32f072.o(.rev16_text), (4 bytes).
    Removing interrupts_hc32f072.o(.revsh_text), (4 bytes).
    Removing interrupts_hc32f072.o(i.EnableNvic), (112 bytes).
    Removing interrupts_hc32f072.o(i.__NVIC_SetPriority), (120 bytes).
    Removing system_hc32f072.o(.rev16_text), (4 bytes).
    Removing system_hc32f072.o(.revsh_text), (4 bytes).
    Removing croutine.o(.rev16_text), (4 bytes).
    Removing croutine.o(.revsh_text), (4 bytes).
    Removing event_groups.o(.rev16_text), (4 bytes).
    Removing event_groups.o(.revsh_text), (4 bytes).
    Removing event_groups.o(i.prvTestWaitCondition), (34 bytes).
    Removing event_groups.o(i.vEventGroupClearBitsCallback), (16 bytes).
    Removing event_groups.o(i.vEventGroupDelete), (68 bytes).
    Removing event_groups.o(i.vEventGroupSetBitsCallback), (16 bytes).
    Removing event_groups.o(i.xEventGroupClearBits), (62 bytes).
    Removing event_groups.o(i.xEventGroupCreate), (28 bytes).
    Removing event_groups.o(i.xEventGroupGetBitsFromISR), (24 bytes).
    Removing event_groups.o(i.xEventGroupSetBits), (200 bytes).
    Removing event_groups.o(i.xEventGroupSync), (210 bytes).
    Removing event_groups.o(i.xEventGroupWaitBits), (262 bytes).
    Removing list.o(.rev16_text), (4 bytes).
    Removing list.o(.revsh_text), (4 bytes).
    Removing queue.o(.rev16_text), (4 bytes).
    Removing queue.o(.revsh_text), (4 bytes).
    Removing queue.o(i.pcQueueGetName), (44 bytes).
    Removing queue.o(i.prvCopyDataFromQueue), (44 bytes).
    Removing queue.o(i.prvCopyDataToQueue), (128 bytes).
    Removing queue.o(i.prvGetDisinheritPriorityAfterTimeout), (22 bytes).
    Removing queue.o(i.prvInitialiseMutex), (32 bytes).
    Removing queue.o(i.prvInitialiseNewQueue), (34 bytes).
    Removing queue.o(i.prvIsQueueEmpty), (28 bytes).
    Removing queue.o(i.prvIsQueueFull), (30 bytes).
    Removing queue.o(i.prvUnlockQueue), (142 bytes).
    Removing queue.o(i.uxQueueMessagesWaiting), (28 bytes).
    Removing queue.o(i.uxQueueMessagesWaitingFromISR), (18 bytes).
    Removing queue.o(i.uxQueueSpacesAvailable), (34 bytes).
    Removing queue.o(i.vQueueAddToRegistry), (44 bytes).
    Removing queue.o(i.vQueueDelete), (30 bytes).
    Removing queue.o(i.vQueueUnregisterQueue), (52 bytes).
    Removing queue.o(i.xQueueCreateCountingSemaphore), (68 bytes).
    Removing queue.o(i.xQueueCreateMutex), (30 bytes).
    Removing queue.o(i.xQueueGenericCreate), (132 bytes).
    Removing queue.o(i.xQueueGenericReset), (130 bytes).
    Removing queue.o(i.xQueueGenericSend), (316 bytes).
    Removing queue.o(i.xQueueGenericSendFromISR), (202 bytes).
    Removing queue.o(i.xQueueGiveFromISR), (192 bytes).
    Removing queue.o(i.xQueueGiveMutexRecursive), (60 bytes).
    Removing queue.o(i.xQueueIsQueueEmptyFromISR), (28 bytes).
    Removing queue.o(i.xQueueIsQueueFullFromISR), (32 bytes).
    Removing queue.o(i.xQueuePeek), (286 bytes).
    Removing queue.o(i.xQueuePeekFromISR), (108 bytes).
    Removing queue.o(i.xQueueReceive), (282 bytes).
    Removing queue.o(i.xQueueReceiveFromISR), (180 bytes).
    Removing queue.o(i.xQueueSemaphoreTake), (352 bytes).
    Removing queue.o(i.xQueueTakeMutexRecursive), (62 bytes).
    Removing queue.o(.bss), (64 bytes).
    Removing stream_buffer.o(.rev16_text), (4 bytes).
    Removing stream_buffer.o(.revsh_text), (4 bytes).
    Removing stream_buffer.o(i.prvBytesInBuffer), (24 bytes).
    Removing stream_buffer.o(i.prvInitialiseNewStreamBuffer), (64 bytes).
    Removing stream_buffer.o(i.prvReadBytesFromBuffer), (162 bytes).
    Removing stream_buffer.o(i.prvReadMessageFromBuffer), (72 bytes).
    Removing stream_buffer.o(i.prvWriteBytesToBuffer), (140 bytes).
    Removing stream_buffer.o(i.prvWriteMessageToBuffer), (92 bytes).
    Removing stream_buffer.o(i.vStreamBufferDelete), (44 bytes).
    Removing stream_buffer.o(i.xStreamBufferBytesAvailable), (28 bytes).
    Removing stream_buffer.o(i.xStreamBufferGenericCreate), (132 bytes).
    Removing stream_buffer.o(i.xStreamBufferIsEmpty), (32 bytes).
    Removing stream_buffer.o(i.xStreamBufferIsFull), (52 bytes).
    Removing stream_buffer.o(i.xStreamBufferNextMessageLengthBytes), (92 bytes).
    Removing stream_buffer.o(i.xStreamBufferReceive), (218 bytes).
    Removing stream_buffer.o(i.xStreamBufferReceiveCompletedFromISR), (68 bytes).
    Removing stream_buffer.o(i.xStreamBufferReceiveFromISR), (134 bytes).
    Removing stream_buffer.o(i.xStreamBufferReset), (60 bytes).
    Removing stream_buffer.o(i.xStreamBufferSend), (294 bytes).
    Removing stream_buffer.o(i.xStreamBufferSendCompletedFromISR), (68 bytes).
    Removing stream_buffer.o(i.xStreamBufferSendFromISR), (142 bytes).
    Removing stream_buffer.o(i.xStreamBufferSetTriggerLevel), (38 bytes).
    Removing stream_buffer.o(i.xStreamBufferSpacesAvailable), (40 bytes).
    Removing tasks.o(.rev16_text), (4 bytes).
    Removing tasks.o(.revsh_text), (4 bytes).
    Removing tasks.o(i.pcTaskGetName), (36 bytes).
    Removing tasks.o(i.prvTaskIsTaskSuspended), (84 bytes).
    Removing tasks.o(i.pvTaskIncrementMutexHeldCount), (32 bytes).
    Removing tasks.o(i.ulTaskGenericNotifyTake), (144 bytes).
    Removing tasks.o(i.ulTaskGenericNotifyValueClear), (68 bytes).
    Removing tasks.o(i.uxTaskGetNumberOfTasks), (12 bytes).
    Removing tasks.o(i.uxTaskPriorityGet), (36 bytes).
    Removing tasks.o(i.uxTaskPriorityGetFromISR), (40 bytes).
    Removing tasks.o(i.uxTaskResetEventItemValue), (28 bytes).
    Removing tasks.o(i.vTaskDelete), (180 bytes).
    Removing tasks.o(i.vTaskEndScheduler), (20 bytes).
    Removing tasks.o(i.vTaskGenericNotifyGiveFromISR), (224 bytes).
    Removing tasks.o(i.vTaskInternalSetTimeOutState), (24 bytes).
    Removing tasks.o(i.vTaskMissedYield), (12 bytes).
    Removing tasks.o(i.vTaskPlaceOnEventList), (44 bytes).
    Removing tasks.o(i.vTaskPlaceOnUnorderedEventList), (84 bytes).
    Removing tasks.o(i.vTaskPriorityDisinheritAfterTimeout), (176 bytes).
    Removing tasks.o(i.vTaskPrioritySet), (228 bytes).
    Removing tasks.o(i.vTaskRemoveFromUnorderedEventList), (136 bytes).
    Removing tasks.o(i.vTaskResume), (116 bytes).
    Removing tasks.o(i.vTaskSetTimeOutState), (44 bytes).
    Removing tasks.o(i.vTaskSuspend), (196 bytes).
    Removing tasks.o(i.xTaskCatchUpTicks), (60 bytes).
    Removing tasks.o(i.xTaskCheckForTimeOut), (120 bytes).
    Removing tasks.o(i.xTaskDelayUntil), (156 bytes).
    Removing tasks.o(i.xTaskGenericNotify), (308 bytes).
    Removing tasks.o(i.xTaskGenericNotifyFromISR), (360 bytes).
    Removing tasks.o(i.xTaskGenericNotifyStateClear), (80 bytes).
    Removing tasks.o(i.xTaskGenericNotifyWait), (172 bytes).
    Removing tasks.o(i.xTaskGetCurrentTaskHandle), (12 bytes).
    Removing tasks.o(i.xTaskGetTickCount), (12 bytes).
    Removing tasks.o(i.xTaskGetTickCountFromISR), (12 bytes).
    Removing tasks.o(i.xTaskPriorityDisinherit), (136 bytes).
    Removing tasks.o(i.xTaskPriorityInherit), (164 bytes).
    Removing tasks.o(i.xTaskRemoveFromEventList), (136 bytes).
    Removing tasks.o(i.xTaskResumeFromISR), (148 bytes).
    Removing timers.o(.rev16_text), (4 bytes).
    Removing timers.o(.revsh_text), (4 bytes).
    Removing heap_4.o(.rev16_text), (4 bytes).
    Removing heap_4.o(.revsh_text), (4 bytes).
    Removing heap_4.o(i.vPortGetHeapStats), (128 bytes).
    Removing heap_4.o(i.vPortInitialiseBlocks), (2 bytes).
    Removing heap_4.o(i.xPortGetFreeHeapSize), (12 bytes).
    Removing heap_4.o(i.xPortGetMinimumEverFreeHeapSize), (12 bytes).
    Removing port.o(.rev16_text), (4 bytes).
    Removing port.o(.revsh_text), (4 bytes).
    Removing port.o(i.vPortEndScheduler), (36 bytes).
    Removing fadd.o(.text), (178 bytes).
    Removing fdiv.o(.text), (124 bytes).
    Removing ffltui.o(.text), (14 bytes).
    Removing ffixui.o(.text), (40 bytes).
    Removing fepilogue.o(.text), (130 bytes).

686 unused section(s) (total 38250 bytes) removed from the image.

==============================================================================

Image Symbol Table

    Local Symbols

    Symbol Name                              Value     Ov Type        Size  Object(Section)

    RESET                                    0x00000000   Section      192  startup_hc32f072.o(RESET)
    ../clib/microlib/division.c              0x00000000   Number         0  uidiv.o ABSOLUTE
    ../clib/microlib/init/entry.s            0x00000000   Number         0  entry8b.o ABSOLUTE
    ../clib/microlib/init/entry.s            0x00000000   Number         0  entry2.o ABSOLUTE
    ../clib/microlib/init/entry.s            0x00000000   Number         0  entry9b.o ABSOLUTE
    ../clib/microlib/init/entry.s            0x00000000   Number         0  entry8a.o ABSOLUTE
    ../clib/microlib/init/entry.s            0x00000000   Number         0  entry11a.o ABSOLUTE
    ../clib/microlib/init/entry.s            0x00000000   Number         0  entry10a.o ABSOLUTE
    ../clib/microlib/init/entry.s            0x00000000   Number         0  entry7b.o ABSOLUTE
    ../clib/microlib/init/entry.s            0x00000000   Number         0  entry10b.o ABSOLUTE
    ../clib/microlib/init/entry.s            0x00000000   Number         0  entry5.o ABSOLUTE
    ../clib/microlib/init/entry.s            0x00000000   Number         0  entry11b.o ABSOLUTE
    ../clib/microlib/init/entry.s            0x00000000   Number         0  entry7a.o ABSOLUTE
    ../clib/microlib/init/entry.s            0x00000000   Number         0  entry9a.o ABSOLUTE
    ../clib/microlib/init/entry.s            0x00000000   Number         0  entry12a.o ABSOLUTE
    ../clib/microlib/init/entry.s            0x00000000   Number         0  entry12b.o ABSOLUTE
    ../clib/microlib/init/entry.s            0x00000000   Number         0  entry.o ABSOLUTE
    ../clib/microlib/string/memcpy.c         0x00000000   Number         0  memcpya.o ABSOLUTE
    ../clib/microlib/string/memcpy.c         0x00000000   Number         0  memcpyb.o ABSOLUTE
    ../clib/microlib/string/memset.c         0x00000000   Number         0  memset.o ABSOLUTE
    ../clib/microlib/string/memset.c         0x00000000   Number         0  memseta.o ABSOLUTE
    ../clib/microlib/stubs.s                 0x00000000   Number         0  iusefp.o ABSOLUTE
    ../fplib/microlib/fpadd.c                0x00000000   Number         0  fadd.o ABSOLUTE
    ../fplib/microlib/fpdiv.c                0x00000000   Number         0  fdiv.o ABSOLUTE
    ../fplib/microlib/fpepilogue.c           0x00000000   Number         0  fepilogue.o ABSOLUTE
    ../fplib/microlib/fpfix.c                0x00000000   Number         0  ffixui.o ABSOLUTE
    ../fplib/microlib/fpflt.c                0x00000000   Number         0  ffltui.o ABSOLUTE
    dc.s                                     0x00000000   Number         0  dc.o ABSOLUTE
    handlers.s                               0x00000000   Number         0  handlers.o ABSOLUTE
    init.s                                   0x00000000   Number         0  init.o ABSOLUTE
    source\FreeRTOS\portable\MemMang\heap_4.c 0x00000000   Number         0  heap_4.o ABSOLUTE
    source\FreeRTOS\portable\RVDS\ARM_CM0\port.c 0x00000000   Number         0  port.o ABSOLUTE
    source\FreeRTOS\source\croutine.c        0x00000000   Number         0  croutine.o ABSOLUTE
    source\FreeRTOS\source\event_groups.c    0x00000000   Number         0  event_groups.o ABSOLUTE
    source\FreeRTOS\source\list.c            0x00000000   Number         0  list.o ABSOLUTE
    source\FreeRTOS\source\queue.c           0x00000000   Number         0  queue.o ABSOLUTE
    source\FreeRTOS\source\stream_buffer.c   0x00000000   Number         0  stream_buffer.o ABSOLUTE
    source\FreeRTOS\source\tasks.c           0x00000000   Number         0  tasks.o ABSOLUTE
    source\FreeRTOS\source\timers.c          0x00000000   Number         0  timers.o ABSOLUTE
    source\\FreeRTOS\\portable\\MemMang\\heap_4.c 0x00000000   Number         0  heap_4.o ABSOLUTE
    source\\FreeRTOS\\portable\\RVDS\\ARM_CM0\\port.c 0x00000000   Number         0  port.o ABSOLUTE
    source\\FreeRTOS\\source\\croutine.c     0x00000000   Number         0  croutine.o ABSOLUTE
    source\\FreeRTOS\\source\\event_groups.c 0x00000000   Number         0  event_groups.o ABSOLUTE
    source\\FreeRTOS\\source\\list.c         0x00000000   Number         0  list.o ABSOLUTE
    source\\FreeRTOS\\source\\queue.c        0x00000000   Number         0  queue.o ABSOLUTE
    source\\FreeRTOS\\source\\stream_buffer.c 0x00000000   Number         0  stream_buffer.o ABSOLUTE
    source\\FreeRTOS\\source\\tasks.c        0x00000000   Number         0  tasks.o ABSOLUTE
    source\\FreeRTOS\\source\\timers.c       0x00000000   Number         0  timers.o ABSOLUTE
    source\\app\\app_Led.c                   0x00000000   Number         0  app_led.o ABSOLUTE
    source\\app\\app_Task.c                  0x00000000   Number         0  app_task.o ABSOLUTE
    source\\common\\interrupts_hc32f072.c    0x00000000   Number         0  interrupts_hc32f072.o ABSOLUTE
    source\\common\\system_hc32f072.c        0x00000000   Number         0  system_hc32f072.o ABSOLUTE
    source\\core\\main.c                     0x00000000   Number         0  main.o ABSOLUTE
    source\\dev\\dev_clk.c                   0x00000000   Number         0  dev_clk.o ABSOLUTE
    source\\dev\\dev_gpio.c                  0x00000000   Number         0  dev_gpio.o ABSOLUTE
    source\\driver\\src\\adc.c               0x00000000   Number         0  adc.o ABSOLUTE
    source\\driver\\src\\adt.c               0x00000000   Number         0  adt.o ABSOLUTE
    source\\driver\\src\\aes.c               0x00000000   Number         0  aes.o ABSOLUTE
    source\\driver\\src\\bgr.c               0x00000000   Number         0  bgr.o ABSOLUTE
    source\\driver\\src\\bt.c                0x00000000   Number         0  bt.o ABSOLUTE
    source\\driver\\src\\can.c               0x00000000   Number         0  can.o ABSOLUTE
    source\\driver\\src\\crc.c               0x00000000   Number         0  crc.o ABSOLUTE
    source\\driver\\src\\dac.c               0x00000000   Number         0  dac.o ABSOLUTE
    source\\driver\\src\\ddl.c               0x00000000   Number         0  ddl.o ABSOLUTE
    source\\driver\\src\\debug.c             0x00000000   Number         0  debug.o ABSOLUTE
    source\\driver\\src\\dmac.c              0x00000000   Number         0  dmac.o ABSOLUTE
    source\\driver\\src\\flash.c             0x00000000   Number         0  flash.o ABSOLUTE
    source\\driver\\src\\gpio.c              0x00000000   Number         0  gpio.o ABSOLUTE
    source\\driver\\src\\hdiv.c              0x00000000   Number         0  hdiv.o ABSOLUTE
    source\\driver\\src\\i2c.c               0x00000000   Number         0  i2c.o ABSOLUTE
    source\\driver\\src\\i2s.c               0x00000000   Number         0  i2s.o ABSOLUTE
    source\\driver\\src\\lpm.c               0x00000000   Number         0  lpm.o ABSOLUTE
    source\\driver\\src\\lpuart.c            0x00000000   Number         0  lpuart.o ABSOLUTE
    source\\driver\\src\\lvd.c               0x00000000   Number         0  lvd.o ABSOLUTE
    source\\driver\\src\\opa.c               0x00000000   Number         0  opa.o ABSOLUTE
    source\\driver\\src\\pca.c               0x00000000   Number         0  pca.o ABSOLUTE
    source\\driver\\src\\ram.c               0x00000000   Number         0  ram.o ABSOLUTE
    source\\driver\\src\\reset.c             0x00000000   Number         0  reset.o ABSOLUTE
    source\\driver\\src\\spi.c               0x00000000   Number         0  spi.o ABSOLUTE
    source\\driver\\src\\sysctrl.c           0x00000000   Number         0  sysctrl.o ABSOLUTE
    source\\driver\\src\\timer3.c            0x00000000   Number         0  timer3.o ABSOLUTE
    source\\driver\\src\\trim.c              0x00000000   Number         0  trim.o ABSOLUTE
    source\\driver\\src\\trng.c              0x00000000   Number         0  trng.o ABSOLUTE
    source\\driver\\src\\uart.c              0x00000000   Number         0  uart.o ABSOLUTE
    source\\driver\\src\\vc.c                0x00000000   Number         0  vc.o ABSOLUTE
    source\\driver\\src\\wdt.c               0x00000000   Number         0  wdt.o ABSOLUTE
    source\app\app_Led.c                     0x00000000   Number         0  app_led.o ABSOLUTE
    source\app\app_Task.c                    0x00000000   Number         0  app_task.o ABSOLUTE
    source\common\interrupts_hc32f072.c      0x00000000   Number         0  interrupts_hc32f072.o ABSOLUTE
    source\common\system_hc32f072.c          0x00000000   Number         0  system_hc32f072.o ABSOLUTE
    source\core\main.c                       0x00000000   Number         0  main.o ABSOLUTE
    source\core\startup_hc32f072.s           0x00000000   Number         0  startup_hc32f072.o ABSOLUTE
    source\dev\dev_clk.c                     0x00000000   Number         0  dev_clk.o ABSOLUTE
    source\dev\dev_gpio.c                    0x00000000   Number         0  dev_gpio.o ABSOLUTE
    source\driver\src\adc.c                  0x00000000   Number         0  adc.o ABSOLUTE
    source\driver\src\adt.c                  0x00000000   Number         0  adt.o ABSOLUTE
    source\driver\src\aes.c                  0x00000000   Number         0  aes.o ABSOLUTE
    source\driver\src\bgr.c                  0x00000000   Number         0  bgr.o ABSOLUTE
    source\driver\src\bt.c                   0x00000000   Number         0  bt.o ABSOLUTE
    source\driver\src\can.c                  0x00000000   Number         0  can.o ABSOLUTE
    source\driver\src\crc.c                  0x00000000   Number         0  crc.o ABSOLUTE
    source\driver\src\dac.c                  0x00000000   Number         0  dac.o ABSOLUTE
    source\driver\src\ddl.c                  0x00000000   Number         0  ddl.o ABSOLUTE
    source\driver\src\debug.c                0x00000000   Number         0  debug.o ABSOLUTE
    source\driver\src\dmac.c                 0x00000000   Number         0  dmac.o ABSOLUTE
    source\driver\src\flash.c                0x00000000   Number         0  flash.o ABSOLUTE
    source\driver\src\gpio.c                 0x00000000   Number         0  gpio.o ABSOLUTE
    source\driver\src\hdiv.c                 0x00000000   Number         0  hdiv.o ABSOLUTE
    source\driver\src\i2c.c                  0x00000000   Number         0  i2c.o ABSOLUTE
    source\driver\src\i2s.c                  0x00000000   Number         0  i2s.o ABSOLUTE
    source\driver\src\lpm.c                  0x00000000   Number         0  lpm.o ABSOLUTE
    source\driver\src\lpuart.c               0x00000000   Number         0  lpuart.o ABSOLUTE
    source\driver\src\lvd.c                  0x00000000   Number         0  lvd.o ABSOLUTE
    source\driver\src\opa.c                  0x00000000   Number         0  opa.o ABSOLUTE
    source\driver\src\pca.c                  0x00000000   Number         0  pca.o ABSOLUTE
    source\driver\src\ram.c                  0x00000000   Number         0  ram.o ABSOLUTE
    source\driver\src\reset.c                0x00000000   Number         0  reset.o ABSOLUTE
    source\driver\src\spi.c                  0x00000000   Number         0  spi.o ABSOLUTE
    source\driver\src\sysctrl.c              0x00000000   Number         0  sysctrl.o ABSOLUTE
    source\driver\src\timer3.c               0x00000000   Number         0  timer3.o ABSOLUTE
    source\driver\src\trim.c                 0x00000000   Number         0  trim.o ABSOLUTE
    source\driver\src\trng.c                 0x00000000   Number         0  trng.o ABSOLUTE
    source\driver\src\uart.c                 0x00000000   Number         0  uart.o ABSOLUTE
    source\driver\src\vc.c                   0x00000000   Number         0  vc.o ABSOLUTE
    source\driver\src\wdt.c                  0x00000000   Number         0  wdt.o ABSOLUTE
    .ARM.Collect$$$$00000000                 0x000000c0   Section        0  entry.o(.ARM.Collect$$$$00000000)
    .ARM.Collect$$$$00000001                 0x000000c0   Section        4  entry2.o(.ARM.Collect$$$$00000001)
    .ARM.Collect$$$$00000004                 0x000000c4   Section        4  entry5.o(.ARM.Collect$$$$00000004)
    .ARM.Collect$$$$00000008                 0x000000c8   Section        0  entry7b.o(.ARM.Collect$$$$00000008)
    .ARM.Collect$$$$0000000A                 0x000000c8   Section        0  entry8b.o(.ARM.Collect$$$$0000000A)
    .ARM.Collect$$$$0000000B                 0x000000c8   Section        8  entry9a.o(.ARM.Collect$$$$0000000B)
    .ARM.Collect$$$$0000000E                 0x000000d0   Section        4  entry12b.o(.ARM.Collect$$$$0000000E)
    .ARM.Collect$$$$0000000F                 0x000000d4   Section        0  entry10a.o(.ARM.Collect$$$$0000000F)
    .ARM.Collect$$$$00000011                 0x000000d4   Section        0  entry11a.o(.ARM.Collect$$$$00000011)
    .ARM.Collect$$$$00002712                 0x000000d4   Section        4  entry2.o(.ARM.Collect$$$$00002712)
    __lit__00000000                          0x000000d4   Data           4  entry2.o(.ARM.Collect$$$$00002712)
    .emb_text                                0x000000d8   Section      120  port.o(.emb_text)
    .text                                    0x00000150   Section       60  startup_hc32f072.o(.text)
    .text                                    0x0000018c   Section        0  uidiv.o(.text)
    .text                                    0x000001b8   Section        0  memcpya.o(.text)
    .text                                    0x000001dc   Section       36  init.o(.text)
    i.$Sub$$main                             0x00000200   Section        0  system_hc32f072.o(i.$Sub$$main)
    i.ADC_DAC_IRQHandler                     0x0000020e   Section        0  interrupts_hc32f072.o(i.ADC_DAC_IRQHandler)
    i.CAN_IRQHandler                         0x0000021a   Section        0  interrupts_hc32f072.o(i.CAN_IRQHandler)
    i.CLKTRIM_CTS_IRQHandler                 0x00000222   Section        0  interrupts_hc32f072.o(i.CLKTRIM_CTS_IRQHandler)
    i.DMAC_IRQHandler                        0x0000022e   Section        0  interrupts_hc32f072.o(i.DMAC_IRQHandler)
    i.Dev_ClkCfg                             0x00000236   Section        0  dev_clk.o(i.Dev_ClkCfg)
    i.Dev_LedInit                            0x00000276   Section        0  dev_gpio.o(i.Dev_LedInit)
    i.FLASH_RAM_IRQHandler                   0x000002a4   Section        0  interrupts_hc32f072.o(i.FLASH_RAM_IRQHandler)
    i.Flash_WaitCycle                        0x000002b0   Section        0  flash.o(i.Flash_WaitCycle)
    i.FreeRTOS_TaskCreate                    0x000002e4   Section        0  app_task.o(i.FreeRTOS_TaskCreate)
    i.Gpio_ClrIO                             0x00000320   Section        0  gpio.o(i.Gpio_ClrIO)
    i.Gpio_Init                              0x0000033c   Section        0  gpio.o(i.Gpio_Init)
    i.Gpio_SetIO                             0x000003d8   Section        0  gpio.o(i.Gpio_SetIO)
    i.HardFault_Handler                      0x000003f4   Section        0  interrupts_hc32f072.o(i.HardFault_Handler)
    i.I2C0_IRQHandler                        0x00000404   Section        0  interrupts_hc32f072.o(i.I2C0_IRQHandler)
    i.I2C1_IRQHandler                        0x0000040c   Section        0  interrupts_hc32f072.o(i.I2C1_IRQHandler)
    i.LPUART0_IRQHandler                     0x00000414   Section        0  interrupts_hc32f072.o(i.LPUART0_IRQHandler)
    i.LPUART1_IRQHandler                     0x0000041c   Section        0  interrupts_hc32f072.o(i.LPUART1_IRQHandler)
    i.Led_Task                               0x00000424   Section        0  app_led.o(i.Led_Task)
    i.PCA_IRQHandler                         0x0000044c   Section        0  interrupts_hc32f072.o(i.PCA_IRQHandler)
    i.PORTA_IRQHandler                       0x00000454   Section        0  interrupts_hc32f072.o(i.PORTA_IRQHandler)
    i.PORTB_IRQHandler                       0x0000045c   Section        0  interrupts_hc32f072.o(i.PORTB_IRQHandler)
    i.PORTC_E_IRQHandler                     0x00000464   Section        0  interrupts_hc32f072.o(i.PORTC_E_IRQHandler)
    i.PORTD_F_IRQHandler                     0x00000470   Section        0  interrupts_hc32f072.o(i.PORTD_F_IRQHandler)
    i.SPI0_I2S0_IRQHandler                   0x0000047c   Section        0  interrupts_hc32f072.o(i.SPI0_I2S0_IRQHandler)
    i.SPI1_I2S1_IRQHandler                   0x00000488   Section        0  interrupts_hc32f072.o(i.SPI1_I2S1_IRQHandler)
    i.SVC_Handler                            0x00000494   Section        0  port.o(i.SVC_Handler)
    i.SetBit                                 0x00000496   Section        0  ddl.o(i.SetBit)
    i.SysTick_Handler                        0x000004b4   Section        0  port.o(i.SysTick_Handler)
    i.Sysctrl_ClkInit                        0x000004d8   Section        0  sysctrl.o(i.Sysctrl_ClkInit)
    i.Sysctrl_ClkSourceEnable                0x00000544   Section        0  sysctrl.o(i.Sysctrl_ClkSourceEnable)
    i.Sysctrl_GetHClkFreq                    0x000006f8   Section        0  sysctrl.o(i.Sysctrl_GetHClkFreq)
    i.Sysctrl_SetHCLKDiv                     0x0000086c   Section        0  sysctrl.o(i.Sysctrl_SetHCLKDiv)
    i.Sysctrl_SetPCLKDiv                     0x00000894   Section        0  sysctrl.o(i.Sysctrl_SetPCLKDiv)
    i.Sysctrl_SetPLLFreq                     0x000008bc   Section        0  sysctrl.o(i.Sysctrl_SetPLLFreq)
    i.Sysctrl_SetPLLStableTime               0x000009d0   Section        0  sysctrl.o(i.Sysctrl_SetPLLStableTime)
    i.Sysctrl_SetPeripheralGate              0x000009f4   Section        0  sysctrl.o(i.Sysctrl_SetPeripheralGate)
    i.Sysctrl_SetRCHTrim                     0x00000a2c   Section        0  sysctrl.o(i.Sysctrl_SetRCHTrim)
    i.Sysctrl_SetRCLStableTime               0x00000a74   Section        0  sysctrl.o(i.Sysctrl_SetRCLStableTime)
    i.Sysctrl_SetXTHStableTime               0x00000a98   Section        0  sysctrl.o(i.Sysctrl_SetXTHStableTime)
    i.Sysctrl_SetXTLStableTime               0x00000ab8   Section        0  sysctrl.o(i.Sysctrl_SetXTLStableTime)
    i.Sysctrl_SysClkSwitch                   0x00000ad8   Section        0  sysctrl.o(i.Sysctrl_SysClkSwitch)
    i.Sysctrl_XTHDriverCfg                   0x00000b04   Section        0  sysctrl.o(i.Sysctrl_XTHDriverCfg)
    i.Sysctrl_XTLDriverCfg                   0x00000b20   Section        0  sysctrl.o(i.Sysctrl_XTLDriverCfg)
    i.SystemCoreClockUpdate                  0x00000b54   Section        0  system_hc32f072.o(i.SystemCoreClockUpdate)
    i.SystemInit                             0x00000b64   Section        0  system_hc32f072.o(i.SystemInit)
    i.TIM0_IRQHandler                        0x00000ba4   Section        0  interrupts_hc32f072.o(i.TIM0_IRQHandler)
    i.TIM1_IRQHandler                        0x00000bac   Section        0  interrupts_hc32f072.o(i.TIM1_IRQHandler)
    i.TIM2_IRQHandler                        0x00000bb4   Section        0  interrupts_hc32f072.o(i.TIM2_IRQHandler)
    i.TIM3_IRQHandler                        0x00000bbc   Section        0  interrupts_hc32f072.o(i.TIM3_IRQHandler)
    i.TIM4_IRQHandler                        0x00000bc4   Section        0  interrupts_hc32f072.o(i.TIM4_IRQHandler)
    i.TIM5_IRQHandler                        0x00000bcc   Section        0  interrupts_hc32f072.o(i.TIM5_IRQHandler)
    i.TIM6_IRQHandler                        0x00000bd4   Section        0  interrupts_hc32f072.o(i.TIM6_IRQHandler)
    i.UART0_2_IRQHandler                     0x00000bdc   Section        0  interrupts_hc32f072.o(i.UART0_2_IRQHandler)
    i.UART1_3_IRQHandler                     0x00000be8   Section        0  interrupts_hc32f072.o(i.UART1_3_IRQHandler)
    i.USBFS_IRQHandler                       0x00000bf4   Section        0  interrupts_hc32f072.o(i.USBFS_IRQHandler)
    i.VC0_1_2_LVD_IRQHandler                 0x00000bfc   Section        0  interrupts_hc32f072.o(i.VC0_1_2_LVD_IRQHandler)
    i.WDT_IRQHandler                         0x00000c10   Section        0  interrupts_hc32f072.o(i.WDT_IRQHandler)
    i._InitHidePin                           0x00000c18   Section        0  system_hc32f072.o(i._InitHidePin)
    _InitHidePin                             0x00000c19   Thumb Code    60  system_hc32f072.o(i._InitHidePin)
    i._SysctrlUnlock                         0x00000c60   Section        0  sysctrl.o(i._SysctrlUnlock)
    _SysctrlUnlock                           0x00000c61   Thumb Code    12  sysctrl.o(i._SysctrlUnlock)
    i.__ARM_common_switch8                   0x00000c78   Section        0  adc.o(i.__ARM_common_switch8)
    i.__scatterload_copy                     0x00000c94   Section       14  handlers.o(i.__scatterload_copy)
    i.__scatterload_null                     0x00000ca2   Section        2  handlers.o(i.__scatterload_null)
    i.__scatterload_zeroinit                 0x00000ca4   Section       14  handlers.o(i.__scatterload_zeroinit)
    i.delay10us                              0x00000cb4   Section        0  ddl.o(i.delay10us)
    i.main                                   0x00000d10   Section        0  main.o(i.main)
    i.prvAddCurrentTaskToDelayedList         0x00000d20   Section        0  tasks.o(i.prvAddCurrentTaskToDelayedList)
    prvAddCurrentTaskToDelayedList           0x00000d21   Thumb Code   100  tasks.o(i.prvAddCurrentTaskToDelayedList)
    i.prvAddNewTaskToReadyList               0x00000d9c   Section        0  tasks.o(i.prvAddNewTaskToReadyList)
    prvAddNewTaskToReadyList                 0x00000d9d   Thumb Code   140  tasks.o(i.prvAddNewTaskToReadyList)
    i.prvCheckTasksWaitingTermination        0x00000e40   Section        0  tasks.o(i.prvCheckTasksWaitingTermination)
    prvCheckTasksWaitingTermination          0x00000e41   Thumb Code    60  tasks.o(i.prvCheckTasksWaitingTermination)
    i.prvDeleteTCB                           0x00000e88   Section        0  tasks.o(i.prvDeleteTCB)
    prvDeleteTCB                             0x00000e89   Thumb Code    18  tasks.o(i.prvDeleteTCB)
    i.prvHeapInit                            0x00000e9c   Section        0  heap_4.o(i.prvHeapInit)
    prvHeapInit                              0x00000e9d   Thumb Code   100  heap_4.o(i.prvHeapInit)
    i.prvIdleTask                            0x00000f18   Section        0  tasks.o(i.prvIdleTask)
    prvIdleTask                              0x00000f19   Thumb Code    20  tasks.o(i.prvIdleTask)
    i.prvInitialiseNewTask                   0x00000f30   Section        0  tasks.o(i.prvInitialiseNewTask)
    prvInitialiseNewTask                     0x00000f31   Thumb Code   174  tasks.o(i.prvInitialiseNewTask)
    i.prvInitialiseTaskLists                 0x00000fe0   Section        0  tasks.o(i.prvInitialiseTaskLists)
    prvInitialiseTaskLists                   0x00000fe1   Thumb Code    68  tasks.o(i.prvInitialiseTaskLists)
    i.prvInsertBlockIntoFreeList             0x00001044   Section        0  heap_4.o(i.prvInsertBlockIntoFreeList)
    prvInsertBlockIntoFreeList               0x00001045   Thumb Code    96  heap_4.o(i.prvInsertBlockIntoFreeList)
    i.prvResetNextTaskUnblockTime            0x000010ac   Section        0  tasks.o(i.prvResetNextTaskUnblockTime)
    prvResetNextTaskUnblockTime              0x000010ad   Thumb Code    44  tasks.o(i.prvResetNextTaskUnblockTime)
    i.prvTaskExitError                       0x000010e0   Section        0  port.o(i.prvTaskExitError)
    prvTaskExitError                         0x000010e1   Thumb Code    32  port.o(i.prvTaskExitError)
    i.pvPortMalloc                           0x00001104   Section        0  heap_4.o(i.pvPortMalloc)
    i.pxPortInitialiseStack                  0x00001248   Section        0  port.o(i.pxPortInitialiseStack)
    i.uxListRemove                           0x00001268   Section        0  list.o(i.uxListRemove)
    i.vListInitialise                        0x00001290   Section        0  list.o(i.vListInitialise)
    i.vListInitialiseItem                    0x000012aa   Section        0  list.o(i.vListInitialiseItem)
    i.vListInsert                            0x000012b0   Section        0  list.o(i.vListInsert)
    i.vListInsertEnd                         0x000012e6   Section        0  list.o(i.vListInsertEnd)
    i.vPortEnterCritical                     0x00001300   Section        0  port.o(i.vPortEnterCritical)
    i.vPortExitCritical                      0x0000131c   Section        0  port.o(i.vPortExitCritical)
    i.vPortFree                              0x00001344   Section        0  heap_4.o(i.vPortFree)
    i.vPortSetupTimerInterrupt               0x000013d4   Section        0  port.o(i.vPortSetupTimerInterrupt)
    i.vPortYield                             0x00001400   Section        0  port.o(i.vPortYield)
    i.vTaskDelay                             0x00001418   Section        0  tasks.o(i.vTaskDelay)
    i.vTaskStartScheduler                    0x0000145c   Section        0  tasks.o(i.vTaskStartScheduler)
    i.vTaskSuspendAll                        0x000014d0   Section        0  tasks.o(i.vTaskSuspendAll)
    i.vTaskSwitchContext                     0x000014e0   Section        0  tasks.o(i.vTaskSwitchContext)
    i.xPortStartScheduler                    0x00001560   Section        0  port.o(i.xPortStartScheduler)
    i.xTaskCreate                            0x00001598   Section        0  tasks.o(i.xTaskCreate)
    i.xTaskIncrementTick                     0x000015f4   Section        0  tasks.o(i.xTaskIncrementTick)
    i.xTaskResumeAll                         0x00001730   Section        0  tasks.o(i.xTaskResumeAll)
    .constdata                               0x00001820   Section       24  sysctrl.o(.constdata)
    .data                                    0x20000000   Section        4  app_task.o(.data)
    AppLedTask_handle                        0x20000000   Data           4  app_task.o(.data)
    .data                                    0x20000004   Section        4  system_hc32f072.o(.data)
    .data                                    0x20000008   Section       64  tasks.o(.data)
    pxDelayedTaskList                        0x2000000c   Data           4  tasks.o(.data)
    pxOverflowDelayedTaskList                0x20000010   Data           4  tasks.o(.data)
    uxDeletedTasksWaitingCleanUp             0x20000014   Data           4  tasks.o(.data)
    uxCurrentNumberOfTasks                   0x20000018   Data           4  tasks.o(.data)
    xTickCount                               0x2000001c   Data           4  tasks.o(.data)
    uxTopReadyPriority                       0x20000020   Data           4  tasks.o(.data)
    xSchedulerRunning                        0x20000024   Data           4  tasks.o(.data)
    xPendedTicks                             0x20000028   Data           4  tasks.o(.data)
    xYieldPending                            0x2000002c   Data           4  tasks.o(.data)
    xNumOfOverflows                          0x20000030   Data           4  tasks.o(.data)
    uxTaskNumber                             0x20000034   Data           4  tasks.o(.data)
    xNextTaskUnblockTime                     0x20000038   Data           4  tasks.o(.data)
    xIdleTaskHandle                          0x2000003c   Data           4  tasks.o(.data)
    uxSchedulerSuspended                     0x20000044   Data           4  tasks.o(.data)
    .data                                    0x20000048   Section       32  heap_4.o(.data)
    xStart                                   0x20000048   Data           8  heap_4.o(.data)
    pxEnd                                    0x20000050   Data           4  heap_4.o(.data)
    xFreeBytesRemaining                      0x20000054   Data           4  heap_4.o(.data)
    xMinimumEverFreeBytesRemaining           0x20000058   Data           4  heap_4.o(.data)
    xNumberOfSuccessfulAllocations           0x2000005c   Data           4  heap_4.o(.data)
    xNumberOfSuccessfulFrees                 0x20000060   Data           4  heap_4.o(.data)
    xBlockAllocatedBit                       0x20000064   Data           4  heap_4.o(.data)
    .data                                    0x20000068   Section        4  port.o(.data)
    uxCriticalNesting                        0x20000068   Data           4  port.o(.data)
    .bss                                     0x2000006c   Section      200  tasks.o(.bss)
    pxReadyTasksLists                        0x2000006c   Data         100  tasks.o(.bss)
    xDelayedTaskList1                        0x200000d0   Data          20  tasks.o(.bss)
    xDelayedTaskList2                        0x200000e4   Data          20  tasks.o(.bss)
    xPendingReadyList                        0x200000f8   Data          20  tasks.o(.bss)
    xTasksWaitingTermination                 0x2000010c   Data          20  tasks.o(.bss)
    xSuspendedTaskList                       0x20000120   Data          20  tasks.o(.bss)
    .bss                                     0x20000134   Section     8192  heap_4.o(.bss)
    ucHeap                                   0x20000134   Data        8192  heap_4.o(.bss)
    STACK                                    0x20002138   Section      512  startup_hc32f072.o(STACK)

    Global Symbols

    Symbol Name                              Value     Ov Type        Size  Object(Section)

    BuildAttributes$$THM_ISAv3M$S$PE$A:L22$X:L11$S22$IEEE1$IW$USESV6$~STKCKD$USESV7$~SHL$OTIME$ROPI$EBA8$MICROLIB$REQ8$PRES8$EABIv2 0x00000000   Number         0  anon$$obj.o ABSOLUTE
    __ARM_use_no_argv                        0x00000000   Number         0  main.o ABSOLUTE
    __Vectors                                0x00000000   Data           0  startup_hc32f072.o(RESET)
    Adc_IRQHandler                            - Undefined Weak Reference
    Can_IRQHandler                            - Undefined Weak Reference
    ClkTrim_IRQHandler                        - Undefined Weak Reference
    Cts_IRQHandler                            - Undefined Weak Reference
    Dac_IRQHandler                            - Undefined Weak Reference
    Dmac_IRQHandler                           - Undefined Weak Reference
    Flash_IRQHandler                          - Undefined Weak Reference
    I2c0_IRQHandler                           - Undefined Weak Reference
    I2c1_IRQHandler                           - Undefined Weak Reference
    I2s0_IRQHandler                           - Undefined Weak Reference
    I2s1_IRQHandler                           - Undefined Weak Reference
    LpUart0_IRQHandler                        - Undefined Weak Reference
    LpUart1_IRQHandler                        - Undefined Weak Reference
    Lvd_IRQHandler                            - Undefined Weak Reference
    Pca_IRQHandler                            - Undefined Weak Reference
    PortA_IRQHandler                          - Undefined Weak Reference
    PortB_IRQHandler                          - Undefined Weak Reference
    PortC_IRQHandler                          - Undefined Weak Reference
    PortD_IRQHandler                          - Undefined Weak Reference
    PortE_IRQHandler                          - Undefined Weak Reference
    PortF_IRQHandler                          - Undefined Weak Reference
    Ram_IRQHandler                            - Undefined Weak Reference
    Spi0_IRQHandler                           - Undefined Weak Reference
    Spi1_IRQHandler                           - Undefined Weak Reference
    Tim0_IRQHandler                           - Undefined Weak Reference
    Tim1_IRQHandler                           - Undefined Weak Reference
    Tim2_IRQHandler                           - Undefined Weak Reference
    Tim3_IRQHandler                           - Undefined Weak Reference
    Tim4_IRQHandler                           - Undefined Weak Reference
    Tim5_IRQHandler                           - Undefined Weak Reference
    Tim6_IRQHandler                           - Undefined Weak Reference
    Uart0_IRQHandler                          - Undefined Weak Reference
    Uart1_IRQHandler                          - Undefined Weak Reference
    Uart2_IRQHandler                          - Undefined Weak Reference
    Uart3_IRQHandler                          - Undefined Weak Reference
    Usbfs_IRQHandler                          - Undefined Weak Reference
    Vc0_IRQHandler                            - Undefined Weak Reference
    Vc1_IRQHandler                            - Undefined Weak Reference
    Vc2_IRQHandler                            - Undefined Weak Reference
    Wdt_IRQHandler                            - Undefined Weak Reference
    __arm_fini_                               - Undefined Weak Reference
    __cpp_initialize__aeabi_                  - Undefined Weak Reference
    __cxa_finalize                            - Undefined Weak Reference
    __decompress                              - Undefined Weak Reference
    _clock_init                               - Undefined Weak Reference
    _microlib_exit                            - Undefined Weak Reference
    __Vectors_End                            0x000000c0   Data           0  startup_hc32f072.o(RESET)
    __Vectors_Size                           0x000000c0   Number         0  startup_hc32f072.o ABSOLUTE
    __main                                   0x000000c1   Thumb Code     0  entry.o(.ARM.Collect$$$$00000000)
    _main_stk                                0x000000c1   Thumb Code     0  entry2.o(.ARM.Collect$$$$00000001)
    _main_scatterload                        0x000000c5   Thumb Code     0  entry5.o(.ARM.Collect$$$$00000004)
    __main_after_scatterload                 0x000000c9   Thumb Code     0  entry5.o(.ARM.Collect$$$$00000004)
    _main_clock                              0x000000c9   Thumb Code     0  entry7b.o(.ARM.Collect$$$$00000008)
    _main_cpp_init                           0x000000c9   Thumb Code     0  entry8b.o(.ARM.Collect$$$$0000000A)
    _main_init                               0x000000c9   Thumb Code     0  entry9a.o(.ARM.Collect$$$$0000000B)
    __rt_lib_shutdown_fini                   0x000000d1   Thumb Code     0  entry12b.o(.ARM.Collect$$$$0000000E)
    __rt_final_cpp                           0x000000d5   Thumb Code     0  entry10a.o(.ARM.Collect$$$$0000000F)
    __rt_final_exit                          0x000000d5   Thumb Code     0  entry11a.o(.ARM.Collect$$$$00000011)
    __asm___6_port_c_39a90d8d__prvPortStartFirstTask 0x000000d9   Thumb Code    36  port.o(.emb_text)
    ulSetInterruptMaskFromISR                0x00000101   Thumb Code     8  port.o(.emb_text)
    vClearInterruptMaskFromISR               0x00000109   Thumb Code     6  port.o(.emb_text)
    PendSV_Handler                           0x0000010f   Thumb Code    62  port.o(.emb_text)
    Reset_Handler                            0x00000151   Thumb Code    26  startup_hc32f072.o(.text)
    NMI_Handler                              0x0000016b   Thumb Code     2  startup_hc32f072.o(.text)
    Dummy_Handler                            0x00000175   Thumb Code     0  startup_hc32f072.o(.text)
    __aeabi_uidiv                            0x0000018d   Thumb Code     0  uidiv.o(.text)
    __aeabi_uidivmod                         0x0000018d   Thumb Code    44  uidiv.o(.text)
    __aeabi_memcpy                           0x000001b9   Thumb Code    36  memcpya.o(.text)
    __aeabi_memcpy4                          0x000001b9   Thumb Code     0  memcpya.o(.text)
    __aeabi_memcpy8                          0x000001b9   Thumb Code     0  memcpya.o(.text)
    __scatterload                            0x000001dd   Thumb Code    28  init.o(.text)
    __scatterload_rt2                        0x000001dd   Thumb Code     0  init.o(.text)
    main                                     0x00000201   Thumb Code    14  system_hc32f072.o(i.$Sub$$main)
    ADC_DAC_IRQHandler                       0x0000020f   Thumb Code    12  interrupts_hc32f072.o(i.ADC_DAC_IRQHandler)
    CAN_IRQHandler                           0x0000021b   Thumb Code     8  interrupts_hc32f072.o(i.CAN_IRQHandler)
    CLKTRIM_CTS_IRQHandler                   0x00000223   Thumb Code    12  interrupts_hc32f072.o(i.CLKTRIM_CTS_IRQHandler)
    DMAC_IRQHandler                          0x0000022f   Thumb Code     8  interrupts_hc32f072.o(i.DMAC_IRQHandler)
    Dev_ClkCfg                               0x00000237   Thumb Code    64  dev_clk.o(i.Dev_ClkCfg)
    Dev_LedInit                              0x00000277   Thumb Code    46  dev_gpio.o(i.Dev_LedInit)
    FLASH_RAM_IRQHandler                     0x000002a5   Thumb Code    12  interrupts_hc32f072.o(i.FLASH_RAM_IRQHandler)
    Flash_WaitCycle                          0x000002b1   Thumb Code    38  flash.o(i.Flash_WaitCycle)
    FreeRTOS_TaskCreate                      0x000002e5   Thumb Code    44  app_task.o(i.FreeRTOS_TaskCreate)
    Gpio_ClrIO                               0x00000321   Thumb Code    22  gpio.o(i.Gpio_ClrIO)
    Gpio_Init                                0x0000033d   Thumb Code   144  gpio.o(i.Gpio_Init)
    Gpio_SetIO                               0x000003d9   Thumb Code    22  gpio.o(i.Gpio_SetIO)
    HardFault_Handler                        0x000003f5   Thumb Code    16  interrupts_hc32f072.o(i.HardFault_Handler)
    I2C0_IRQHandler                          0x00000405   Thumb Code     8  interrupts_hc32f072.o(i.I2C0_IRQHandler)
    I2C1_IRQHandler                          0x0000040d   Thumb Code     8  interrupts_hc32f072.o(i.I2C1_IRQHandler)
    LPUART0_IRQHandler                       0x00000415   Thumb Code     8  interrupts_hc32f072.o(i.LPUART0_IRQHandler)
    LPUART1_IRQHandler                       0x0000041d   Thumb Code     8  interrupts_hc32f072.o(i.LPUART1_IRQHandler)
    Led_Task                                 0x00000425   Thumb Code    40  app_led.o(i.Led_Task)
    PCA_IRQHandler                           0x0000044d   Thumb Code     8  interrupts_hc32f072.o(i.PCA_IRQHandler)
    PORTA_IRQHandler                         0x00000455   Thumb Code     8  interrupts_hc32f072.o(i.PORTA_IRQHandler)
    PORTB_IRQHandler                         0x0000045d   Thumb Code     8  interrupts_hc32f072.o(i.PORTB_IRQHandler)
    PORTC_E_IRQHandler                       0x00000465   Thumb Code    12  interrupts_hc32f072.o(i.PORTC_E_IRQHandler)
    PORTD_F_IRQHandler                       0x00000471   Thumb Code    12  interrupts_hc32f072.o(i.PORTD_F_IRQHandler)
    SPI0_I2S0_IRQHandler                     0x0000047d   Thumb Code    12  interrupts_hc32f072.o(i.SPI0_I2S0_IRQHandler)
    SPI1_I2S1_IRQHandler                     0x00000489   Thumb Code    12  interrupts_hc32f072.o(i.SPI1_I2S1_IRQHandler)
    SVC_Handler                              0x00000495   Thumb Code     2  port.o(i.SVC_Handler)
    SetBit                                   0x00000497   Thumb Code    30  ddl.o(i.SetBit)
    SysTick_Handler                          0x000004b5   Thumb Code    32  port.o(i.SysTick_Handler)
    Sysctrl_ClkInit                          0x000004d9   Thumb Code   106  sysctrl.o(i.Sysctrl_ClkInit)
    Sysctrl_ClkSourceEnable                  0x00000545   Thumb Code   418  sysctrl.o(i.Sysctrl_ClkSourceEnable)
    Sysctrl_GetHClkFreq                      0x000006f9   Thumb Code   354  sysctrl.o(i.Sysctrl_GetHClkFreq)
    Sysctrl_SetHCLKDiv                       0x0000086d   Thumb Code    36  sysctrl.o(i.Sysctrl_SetHCLKDiv)
    Sysctrl_SetPCLKDiv                       0x00000895   Thumb Code    36  sysctrl.o(i.Sysctrl_SetPCLKDiv)
    Sysctrl_SetPLLFreq                       0x000008bd   Thumb Code   258  sysctrl.o(i.Sysctrl_SetPLLFreq)
    Sysctrl_SetPLLStableTime                 0x000009d1   Thumb Code    32  sysctrl.o(i.Sysctrl_SetPLLStableTime)
    Sysctrl_SetPeripheralGate                0x000009f5   Thumb Code    50  sysctrl.o(i.Sysctrl_SetPeripheralGate)
    Sysctrl_SetRCHTrim                       0x00000a2d   Thumb Code    64  sysctrl.o(i.Sysctrl_SetRCHTrim)
    Sysctrl_SetRCLStableTime                 0x00000a75   Thumb Code    32  sysctrl.o(i.Sysctrl_SetRCLStableTime)
    Sysctrl_SetXTHStableTime                 0x00000a99   Thumb Code    28  sysctrl.o(i.Sysctrl_SetXTHStableTime)
    Sysctrl_SetXTLStableTime                 0x00000ab9   Thumb Code    28  sysctrl.o(i.Sysctrl_SetXTLStableTime)
    Sysctrl_SysClkSwitch                     0x00000ad9   Thumb Code    40  sysctrl.o(i.Sysctrl_SysClkSwitch)
    Sysctrl_XTHDriverCfg                     0x00000b05   Thumb Code    24  sysctrl.o(i.Sysctrl_XTHDriverCfg)
    Sysctrl_XTLDriverCfg                     0x00000b21   Thumb Code    46  sysctrl.o(i.Sysctrl_XTLDriverCfg)
    SystemCoreClockUpdate                    0x00000b55   Thumb Code    12  system_hc32f072.o(i.SystemCoreClockUpdate)
    SystemInit                               0x00000b65   Thumb Code    56  system_hc32f072.o(i.SystemInit)
    TIM0_IRQHandler                          0x00000ba5   Thumb Code     8  interrupts_hc32f072.o(i.TIM0_IRQHandler)
    TIM1_IRQHandler                          0x00000bad   Thumb Code     8  interrupts_hc32f072.o(i.TIM1_IRQHandler)
    TIM2_IRQHandler                          0x00000bb5   Thumb Code     8  interrupts_hc32f072.o(i.TIM2_IRQHandler)
    TIM3_IRQHandler                          0x00000bbd   Thumb Code     8  interrupts_hc32f072.o(i.TIM3_IRQHandler)
    TIM4_IRQHandler                          0x00000bc5   Thumb Code     8  interrupts_hc32f072.o(i.TIM4_IRQHandler)
    TIM5_IRQHandler                          0x00000bcd   Thumb Code     8  interrupts_hc32f072.o(i.TIM5_IRQHandler)
    TIM6_IRQHandler                          0x00000bd5   Thumb Code     8  interrupts_hc32f072.o(i.TIM6_IRQHandler)
    UART0_2_IRQHandler                       0x00000bdd   Thumb Code    12  interrupts_hc32f072.o(i.UART0_2_IRQHandler)
    UART1_3_IRQHandler                       0x00000be9   Thumb Code    12  interrupts_hc32f072.o(i.UART1_3_IRQHandler)
    USBFS_IRQHandler                         0x00000bf5   Thumb Code     8  interrupts_hc32f072.o(i.USBFS_IRQHandler)
    VC0_1_2_LVD_IRQHandler                   0x00000bfd   Thumb Code    20  interrupts_hc32f072.o(i.VC0_1_2_LVD_IRQHandler)
    WDT_IRQHandler                           0x00000c11   Thumb Code     8  interrupts_hc32f072.o(i.WDT_IRQHandler)
    __ARM_common_switch8                     0x00000c79   Thumb Code    28  adc.o(i.__ARM_common_switch8)
    __scatterload_copy                       0x00000c95   Thumb Code    14  handlers.o(i.__scatterload_copy)
    __scatterload_null                       0x00000ca3   Thumb Code     2  handlers.o(i.__scatterload_null)
    __scatterload_zeroinit                   0x00000ca5   Thumb Code    14  handlers.o(i.__scatterload_zeroinit)
    delay10us                                0x00000cb5   Thumb Code    74  ddl.o(i.delay10us)
    $Super$$main                             0x00000d11   Thumb Code    16  main.o(i.main)
    pvPortMalloc                             0x00001105   Thumb Code   300  heap_4.o(i.pvPortMalloc)
    pxPortInitialiseStack                    0x00001249   Thumb Code    26  port.o(i.pxPortInitialiseStack)
    uxListRemove                             0x00001269   Thumb Code    40  list.o(i.uxListRemove)
    vListInitialise                          0x00001291   Thumb Code    26  list.o(i.vListInitialise)
    vListInitialiseItem                      0x000012ab   Thumb Code     6  list.o(i.vListInitialiseItem)
    vListInsert                              0x000012b1   Thumb Code    54  list.o(i.vListInsert)
    vListInsertEnd                           0x000012e7   Thumb Code    24  list.o(i.vListInsertEnd)
    vPortEnterCritical                       0x00001301   Thumb Code    22  port.o(i.vPortEnterCritical)
    vPortExitCritical                        0x0000131d   Thumb Code    36  port.o(i.vPortExitCritical)
    vPortFree                                0x00001345   Thumb Code   130  heap_4.o(i.vPortFree)
    vPortSetupTimerInterrupt                 0x000013d5   Thumb Code    34  port.o(i.vPortSetupTimerInterrupt)
    vPortYield                               0x00001401   Thumb Code    18  port.o(i.vPortYield)
    vTaskDelay                               0x00001419   Thumb Code    62  tasks.o(i.vTaskDelay)
    vTaskStartScheduler                      0x0000145d   Thumb Code    84  tasks.o(i.vTaskStartScheduler)
    vTaskSuspendAll                          0x000014d1   Thumb Code    12  tasks.o(i.vTaskSuspendAll)
    vTaskSwitchContext                       0x000014e1   Thumb Code   108  tasks.o(i.vTaskSwitchContext)
    xPortStartScheduler                      0x00001561   Thumb Code    48  port.o(i.xPortStartScheduler)
    xTaskCreate                              0x00001599   Thumb Code    92  tasks.o(i.xTaskCreate)
    xTaskIncrementTick                       0x000015f5   Thumb Code   270  tasks.o(i.xTaskIncrementTick)
    xTaskResumeAll                           0x00001731   Thumb Code   206  tasks.o(i.xTaskResumeAll)
    Region$$Table$$Base                      0x00001838   Number         0  anon$$obj.o(Region$$Table)
    Region$$Table$$Limit                     0x00001858   Number         0  anon$$obj.o(Region$$Table)
    SystemCoreClock                          0x20000004   Data           4  system_hc32f072.o(.data)
    pxCurrentTCB                             0x20000008   Data           4  tasks.o(.data)
    uxTopUsedPriority                        0x20000040   Data           4  tasks.o(.data)
    __initial_sp                             0x20002338   Data           0  startup_hc32f072.o(STACK)



==============================================================================

Memory Map of the image

  Image Entry point : 0x000000c1

  Load Region LR_IROM1 (Base: 0x00000000, Size: 0x000018c4, Max: 0x00020000, ABSOLUTE)

    Execution Region ER_IROM1 (Exec base: 0x00000000, Load base: 0x00000000, Size: 0x00001858, Max: 0x00020000, ABSOLUTE)

    Exec Addr    Load Addr    Size         Type   Attr      Idx    E Section Name        Object

    0x00000000   0x00000000   0x000000c0   Data   RO          130    RESET               startup_hc32f072.o
    0x000000c0   0x000000c0   0x00000000   Code   RO         5009  * .ARM.Collect$$$$00000000  mc_p.l(entry.o)
    0x000000c0   0x000000c0   0x00000004   Code   RO         5030    .ARM.Collect$$$$00000001  mc_p.l(entry2.o)
    0x000000c4   0x000000c4   0x00000004   Code   RO         5033    .ARM.Collect$$$$00000004  mc_p.l(entry5.o)
    0x000000c8   0x000000c8   0x00000000   Code   RO         5035    .ARM.Collect$$$$00000008  mc_p.l(entry7b.o)
    0x000000c8   0x000000c8   0x00000000   Code   RO         5037    .ARM.Collect$$$$0000000A  mc_p.l(entry8b.o)
    0x000000c8   0x000000c8   0x00000008   Code   RO         5038    .ARM.Collect$$$$0000000B  mc_p.l(entry9a.o)
    0x000000d0   0x000000d0   0x00000004   Code   RO         5045    .ARM.Collect$$$$0000000E  mc_p.l(entry12b.o)
    0x000000d4   0x000000d4   0x00000000   Code   RO         5040    .ARM.Collect$$$$0000000F  mc_p.l(entry10a.o)
    0x000000d4   0x000000d4   0x00000000   Code   RO         5042    .ARM.Collect$$$$00000011  mc_p.l(entry11a.o)
    0x000000d4   0x000000d4   0x00000004   Code   RO         5031    .ARM.Collect$$$$00002712  mc_p.l(entry2.o)
    0x000000d8   0x000000d8   0x00000078   Code   RO         4932    .emb_text           port.o
    0x00000150   0x00000150   0x0000003c   Code   RO          131    .text               startup_hc32f072.o
    0x0000018c   0x0000018c   0x0000002c   Code   RO         5012    .text               mc_p.l(uidiv.o)
    0x000001b8   0x000001b8   0x00000024   Code   RO         5014    .text               mc_p.l(memcpya.o)
    0x000001dc   0x000001dc   0x00000024   Code   RO         5049    .text               mc_p.l(init.o)
    0x00000200   0x00000200   0x0000000e   Code   RO         3958    i.$Sub$$main        system_hc32f072.o
    0x0000020e   0x0000020e   0x0000000c   Code   RO         3756    i.ADC_DAC_IRQHandler  interrupts_hc32f072.o
    0x0000021a   0x0000021a   0x00000008   Code   RO         3757    i.CAN_IRQHandler    interrupts_hc32f072.o
    0x00000222   0x00000222   0x0000000c   Code   RO         3758    i.CLKTRIM_CTS_IRQHandler  interrupts_hc32f072.o
    0x0000022e   0x0000022e   0x00000008   Code   RO         3759    i.DMAC_IRQHandler   interrupts_hc32f072.o
    0x00000236   0x00000236   0x00000040   Code   RO          195    i.Dev_ClkCfg        dev_clk.o
    0x00000276   0x00000276   0x0000002e   Code   RO          223    i.Dev_LedInit       dev_gpio.o
    0x000002a4   0x000002a4   0x0000000c   Code   RO         3761    i.FLASH_RAM_IRQHandler  interrupts_hc32f072.o
    0x000002b0   0x000002b0   0x00000034   Code   RO         1834    i.Flash_WaitCycle   flash.o
    0x000002e4   0x000002e4   0x0000003c   Code   RO          169    i.FreeRTOS_TaskCreate  app_task.o
    0x00000320   0x00000320   0x0000001c   Code   RO         1926    i.Gpio_ClrIO        gpio.o
    0x0000033c   0x0000033c   0x0000009c   Code   RO         1933    i.Gpio_Init         gpio.o
    0x000003d8   0x000003d8   0x0000001c   Code   RO         1938    i.Gpio_SetIO        gpio.o
    0x000003f4   0x000003f4   0x00000010   Code   RO         3762    i.HardFault_Handler  interrupts_hc32f072.o
    0x00000404   0x00000404   0x00000008   Code   RO         3763    i.I2C0_IRQHandler   interrupts_hc32f072.o
    0x0000040c   0x0000040c   0x00000008   Code   RO         3764    i.I2C1_IRQHandler   interrupts_hc32f072.o
    0x00000414   0x00000414   0x00000008   Code   RO         3765    i.LPUART0_IRQHandler  interrupts_hc32f072.o
    0x0000041c   0x0000041c   0x00000008   Code   RO         3766    i.LPUART1_IRQHandler  interrupts_hc32f072.o
    0x00000424   0x00000424   0x00000028   Code   RO          137    i.Led_Task          app_led.o
    0x0000044c   0x0000044c   0x00000008   Code   RO         3767    i.PCA_IRQHandler    interrupts_hc32f072.o
    0x00000454   0x00000454   0x00000008   Code   RO         3768    i.PORTA_IRQHandler  interrupts_hc32f072.o
    0x0000045c   0x0000045c   0x00000008   Code   RO         3769    i.PORTB_IRQHandler  interrupts_hc32f072.o
    0x00000464   0x00000464   0x0000000c   Code   RO         3770    i.PORTC_E_IRQHandler  interrupts_hc32f072.o
    0x00000470   0x00000470   0x0000000c   Code   RO         3771    i.PORTD_F_IRQHandler  interrupts_hc32f072.o
    0x0000047c   0x0000047c   0x0000000c   Code   RO         3772    i.SPI0_I2S0_IRQHandler  interrupts_hc32f072.o
    0x00000488   0x00000488   0x0000000c   Code   RO         3773    i.SPI1_I2S1_IRQHandler  interrupts_hc32f072.o
    0x00000494   0x00000494   0x00000002   Code   RO         4933    i.SVC_Handler       port.o
    0x00000496   0x00000496   0x0000001e   Code   RO         1574    i.SetBit            ddl.o
    0x000004b4   0x000004b4   0x00000024   Code   RO         4934    i.SysTick_Handler   port.o
    0x000004d8   0x000004d8   0x0000006a   Code   RO         2908    i.Sysctrl_ClkInit   sysctrl.o
    0x00000542   0x00000542   0x00000002   PAD
    0x00000544   0x00000544   0x000001b4   Code   RO         2909    i.Sysctrl_ClkSourceEnable  sysctrl.o
    0x000006f8   0x000006f8   0x00000174   Code   RO         2910    i.Sysctrl_GetHClkFreq  sysctrl.o
    0x0000086c   0x0000086c   0x00000028   Code   RO         2914    i.Sysctrl_SetHCLKDiv  sysctrl.o
    0x00000894   0x00000894   0x00000028   Code   RO         2915    i.Sysctrl_SetPCLKDiv  sysctrl.o
    0x000008bc   0x000008bc   0x00000114   Code   RO         2916    i.Sysctrl_SetPLLFreq  sysctrl.o
    0x000009d0   0x000009d0   0x00000024   Code   RO         2917    i.Sysctrl_SetPLLStableTime  sysctrl.o
    0x000009f4   0x000009f4   0x00000038   Code   RO         2918    i.Sysctrl_SetPeripheralGate  sysctrl.o
    0x00000a2c   0x00000a2c   0x00000048   Code   RO         2919    i.Sysctrl_SetRCHTrim  sysctrl.o
    0x00000a74   0x00000a74   0x00000024   Code   RO         2920    i.Sysctrl_SetRCLStableTime  sysctrl.o
    0x00000a98   0x00000a98   0x00000020   Code   RO         2923    i.Sysctrl_SetXTHStableTime  sysctrl.o
    0x00000ab8   0x00000ab8   0x00000020   Code   RO         2924    i.Sysctrl_SetXTLStableTime  sysctrl.o
    0x00000ad8   0x00000ad8   0x0000002c   Code   RO         2925    i.Sysctrl_SysClkSwitch  sysctrl.o
    0x00000b04   0x00000b04   0x0000001c   Code   RO         2928    i.Sysctrl_XTHDriverCfg  sysctrl.o
    0x00000b20   0x00000b20   0x00000034   Code   RO         2929    i.Sysctrl_XTLDriverCfg  sysctrl.o
    0x00000b54   0x00000b54   0x00000010   Code   RO         3959    i.SystemCoreClockUpdate  system_hc32f072.o
    0x00000b64   0x00000b64   0x00000040   Code   RO         3960    i.SystemInit        system_hc32f072.o
    0x00000ba4   0x00000ba4   0x00000008   Code   RO         3774    i.TIM0_IRQHandler   interrupts_hc32f072.o
    0x00000bac   0x00000bac   0x00000008   Code   RO         3775    i.TIM1_IRQHandler   interrupts_hc32f072.o
    0x00000bb4   0x00000bb4   0x00000008   Code   RO         3776    i.TIM2_IRQHandler   interrupts_hc32f072.o
    0x00000bbc   0x00000bbc   0x00000008   Code   RO         3777    i.TIM3_IRQHandler   interrupts_hc32f072.o
    0x00000bc4   0x00000bc4   0x00000008   Code   RO         3778    i.TIM4_IRQHandler   interrupts_hc32f072.o
    0x00000bcc   0x00000bcc   0x00000008   Code   RO         3779    i.TIM5_IRQHandler   interrupts_hc32f072.o
    0x00000bd4   0x00000bd4   0x00000008   Code   RO         3780    i.TIM6_IRQHandler   interrupts_hc32f072.o
    0x00000bdc   0x00000bdc   0x0000000c   Code   RO         3781    i.UART0_2_IRQHandler  interrupts_hc32f072.o
    0x00000be8   0x00000be8   0x0000000c   Code   RO         3782    i.UART1_3_IRQHandler  interrupts_hc32f072.o
    0x00000bf4   0x00000bf4   0x00000008   Code   RO         3783    i.USBFS_IRQHandler  interrupts_hc32f072.o
    0x00000bfc   0x00000bfc   0x00000014   Code   RO         3784    i.VC0_1_2_LVD_IRQHandler  interrupts_hc32f072.o
    0x00000c10   0x00000c10   0x00000008   Code   RO         3785    i.WDT_IRQHandler    interrupts_hc32f072.o
    0x00000c18   0x00000c18   0x00000048   Code   RO         3961    i._InitHidePin      system_hc32f072.o
    0x00000c60   0x00000c60   0x00000018   Code   RO         2930    i._SysctrlUnlock    sysctrl.o
    0x00000c78   0x00000c78   0x0000001c   Code   RO          435    i.__ARM_common_switch8  adc.o
    0x00000c94   0x00000c94   0x0000000e   Code   RO         5053    i.__scatterload_copy  mc_p.l(handlers.o)
    0x00000ca2   0x00000ca2   0x00000002   Code   RO         5054    i.__scatterload_null  mc_p.l(handlers.o)
    0x00000ca4   0x00000ca4   0x0000000e   Code   RO         5055    i.__scatterload_zeroinit  mc_p.l(handlers.o)
    0x00000cb2   0x00000cb2   0x00000002   PAD
    0x00000cb4   0x00000cb4   0x0000005c   Code   RO         1577    i.delay10us         ddl.o
    0x00000d10   0x00000d10   0x00000010   Code   RO            3    i.main              main.o
    0x00000d20   0x00000d20   0x0000007c   Code   RO         4532    i.prvAddCurrentTaskToDelayedList  tasks.o
    0x00000d9c   0x00000d9c   0x000000a4   Code   RO         4533    i.prvAddNewTaskToReadyList  tasks.o
    0x00000e40   0x00000e40   0x00000048   Code   RO         4534    i.prvCheckTasksWaitingTermination  tasks.o
    0x00000e88   0x00000e88   0x00000012   Code   RO         4535    i.prvDeleteTCB      tasks.o
    0x00000e9a   0x00000e9a   0x00000002   PAD
    0x00000e9c   0x00000e9c   0x0000007c   Code   RO         4869    i.prvHeapInit       heap_4.o
    0x00000f18   0x00000f18   0x00000018   Code   RO         4536    i.prvIdleTask       tasks.o
    0x00000f30   0x00000f30   0x000000ae   Code   RO         4537    i.prvInitialiseNewTask  tasks.o
    0x00000fde   0x00000fde   0x00000002   PAD
    0x00000fe0   0x00000fe0   0x00000064   Code   RO         4538    i.prvInitialiseTaskLists  tasks.o
    0x00001044   0x00001044   0x00000068   Code   RO         4870    i.prvInsertBlockIntoFreeList  heap_4.o
    0x000010ac   0x000010ac   0x00000034   Code   RO         4539    i.prvResetNextTaskUnblockTime  tasks.o
    0x000010e0   0x000010e0   0x00000024   Code   RO         4935    i.prvTaskExitError  port.o
    0x00001104   0x00001104   0x00000144   Code   RO         4871    i.pvPortMalloc      heap_4.o
    0x00001248   0x00001248   0x00000020   Code   RO         4936    i.pxPortInitialiseStack  port.o
    0x00001268   0x00001268   0x00000028   Code   RO         4137    i.uxListRemove      list.o
    0x00001290   0x00001290   0x0000001a   Code   RO         4138    i.vListInitialise   list.o
    0x000012aa   0x000012aa   0x00000006   Code   RO         4139    i.vListInitialiseItem  list.o
    0x000012b0   0x000012b0   0x00000036   Code   RO         4140    i.vListInsert       list.o
    0x000012e6   0x000012e6   0x00000018   Code   RO         4141    i.vListInsertEnd    list.o
    0x000012fe   0x000012fe   0x00000002   PAD
    0x00001300   0x00001300   0x0000001c   Code   RO         4938    i.vPortEnterCritical  port.o
    0x0000131c   0x0000131c   0x00000028   Code   RO         4939    i.vPortExitCritical  port.o
    0x00001344   0x00001344   0x00000090   Code   RO         4872    i.vPortFree         heap_4.o
    0x000013d4   0x000013d4   0x0000002c   Code   RO         4940    i.vPortSetupTimerInterrupt  port.o
    0x00001400   0x00001400   0x00000018   Code   RO         4941    i.vPortYield        port.o
    0x00001418   0x00001418   0x00000044   Code   RO         4548    i.vTaskDelay        tasks.o
    0x0000145c   0x0000145c   0x00000074   Code   RO         4561    i.vTaskStartScheduler  tasks.o
    0x000014d0   0x000014d0   0x00000010   Code   RO         4563    i.vTaskSuspendAll   tasks.o
    0x000014e0   0x000014e0   0x00000080   Code   RO         4564    i.vTaskSwitchContext  tasks.o
    0x00001560   0x00001560   0x00000038   Code   RO         4942    i.xPortStartScheduler  port.o
    0x00001598   0x00001598   0x0000005c   Code   RO         4567    i.xTaskCreate       tasks.o
    0x000015f4   0x000015f4   0x0000013c   Code   RO         4576    i.xTaskIncrementTick  tasks.o
    0x00001730   0x00001730   0x000000f0   Code   RO         4580    i.xTaskResumeAll    tasks.o
    0x00001820   0x00001820   0x00000018   Data   RO         2931    .constdata          sysctrl.o
    0x00001838   0x00001838   0x00000020   Data   RO         5051    Region$$Table       anon$$obj.o


    Execution Region RW_IRAM1 (Exec base: 0x20000000, Load base: 0x00001858, Size: 0x00002338, Max: 0x00004000, ABSOLUTE)

    Exec Addr    Load Addr    Size         Type   Attr      Idx    E Section Name        Object

    0x20000000   0x00001858   0x00000004   Data   RW          170    .data               app_task.o
    0x20000004   0x0000185c   0x00000004   Data   RW         3962    .data               system_hc32f072.o
    0x20000008   0x00001860   0x00000040   Data   RW         4583    .data               tasks.o
    0x20000048   0x000018a0   0x00000020   Data   RW         4878    .data               heap_4.o
    0x20000068   0x000018c0   0x00000004   Data   RW         4943    .data               port.o
    0x2000006c        -       0x000000c8   Zero   RW         4582    .bss                tasks.o
    0x20000134        -       0x00002000   Zero   RW         4877    .bss                heap_4.o
    0x20002134   0x000018c4   0x00000004   PAD
    0x20002138        -       0x00000200   Zero   RW          128    STACK               startup_hc32f072.o


==============================================================================

Image component sizes


      Code (inc. data)   RO Data    RW Data    ZI Data      Debug   Object Name

        28          0          0          0          0         76   adc.o
        40          0          0          0          0        435   app_led.o
        60         16          0          4          0        706   app_task.o
       122         18          0          0          0       1037   ddl.o
        64          0          0          0          0        473   dev_clk.o
        46          0          0          0          0        438   dev_gpio.o
         0          0          0          0          0       2356   event_groups.o
        52         14          0          0          0        526   flash.o
       212         24          0          0          0       1970   gpio.o
       696         70          0         32       8192       4083   heap_4.o
       288          0          0          0          0      13002   interrupts_hc32f072.o
       150          0          0          0          0       3002   list.o
        16          0          0          0          0      26731   main.o
       418         58          0          4          0       6319   port.o
        60         22        192          0        512        600   startup_hc32f072.o
      1682        134         24          0          0      10319   sysctrl.o
       166         24          0          4          0       1964   system_hc32f072.o
      1704        246          0         64        200      19263   tasks.o

    ----------------------------------------------------------------------
      5812        626        248        108       8908      93300   Object Totals
         0          0         32          0          0          0   (incl. Generated)
         8          0          0          0          4          0   (incl. Padding)

    ----------------------------------------------------------------------

      Code (inc. data)   RO Data    RW Data    ZI Data      Debug   Library Member Name

         0          0          0          0          0          0   entry.o
         0          0          0          0          0          0   entry10a.o
         0          0          0          0          0          0   entry11a.o
         4          0          0          0          0          0   entry12b.o
         8          4          0          0          0          0   entry2.o
         4          0          0          0          0          0   entry5.o
         0          0          0          0          0          0   entry7b.o
         0          0          0          0          0          0   entry8b.o
         8          4          0          0          0          0   entry9a.o
        30          0          0          0          0          0   handlers.o
        36          8          0          0          0         68   init.o
        36          0          0          0          0         60   memcpya.o
        44          0          0          0          0         72   uidiv.o

    ----------------------------------------------------------------------
       172         16          0          0          0        200   Library Totals
         2          0          0          0          0          0   (incl. Padding)

    ----------------------------------------------------------------------

      Code (inc. data)   RO Data    RW Data    ZI Data      Debug   Library Name

       170         16          0          0          0        200   mc_p.l

    ----------------------------------------------------------------------
       172         16          0          0          0        200   Library Totals

    ----------------------------------------------------------------------

==============================================================================


      Code (inc. data)   RO Data    RW Data    ZI Data      Debug   

      5984        642        248        108       8908      89640   Grand Totals
      5984        642        248        108       8908      89640   ELF Image Totals
      5984        642        248        108          0          0   ROM Totals

==============================================================================

    Total RO  Size (Code + RO Data)                 6232 (   6.09kB)
    Total RW  Size (RW Data + ZI Data)              9016 (   8.80kB)
    Total ROM Size (Code + RO Data + RW Data)       6340 (   6.19kB)

==============================================================================

